 SapClassGui74D.NET_2008

 Timestamp is 548ba7e8 (Sat Dec 13 10:43:52 2014)

 Preferred load address is 67d80000

 Start         Length     Name                   Class
 0001:00000000 0002fcbeH .text                   CODE
 0001:0002fcc0 000023caH .text$x                 CODE
 0001:00032090 00000538H .text$yc                CODE
 0001:000325d0 00000051H .text$yd                CODE
 0002:00000000 00000bb8H .idata$5                DATA
 0002:00000bb8 00000004H .CRT$XCA                DATA
 0002:00000bbc 0000000cH .CRT$XCC                DATA
 0002:00000bc8 0000006cH .CRT$XCL                DATA
 0002:00000c34 0000000cH .CRT$XCU                DATA
 0002:00000c40 00000004H .CRT$XCZ                DATA
 0002:00000c44 00000004H .CRT$XIA                DATA
 0002:00000c48 00000004H .CRT$XIAA               DATA
 0002:00000c4c 00000004H .CRT$XIC                DATA
 0002:00000c50 00000004H .CRT$XIZ                DATA
 0002:00000c60 00007940H .rdata                  DATA
 0002:000085a0 0000006dH .rdata$debug            DATA
 0002:00008610 00000dd8H .rdata$r                DATA
 0002:000093f0 000001acH .rdata$sxdata           DATA
 0002:0000959c 00000004H .rtc$IAA                DATA
 0002:000095a0 00000074H .rtc$IMZ                DATA
 0002:00009614 00000004H .rtc$IZZ                DATA
 0002:00009618 00000004H .rtc$TAA                DATA
 0002:0000961c 00000074H .rtc$TMZ                DATA
 0002:00009690 00000004H .rtc$TZZ                DATA
 0002:00009698 00001bc4H .xdata$x                DATA
 0002:0000b25c 00000004H ATL$__a                 DATA
 0002:0000b260 00000004H ATL$__z                 DATA
 0002:0000b264 000000c8H .idata$2                DATA
 0002:0000b32c 00000014H .idata$3                DATA
 0002:0000b340 00000bb8H .idata$4                DATA
 0002:0000bef8 00003a28H .idata$6                DATA
 0002:0000f920 00005a64H .edata                  DATA
 0003:00000000 00000d5cH .data                   DATA
 0003:00000d60 00000490H .bss                    DATA
 0004:00000000 000007f0H .rsrc$01                DATA
 0004:000007f0 00007618H .rsrc$02                DATA

  Address         Publics by Value              Rva+Base       Lib:Object

 0000:00000000       __except_list              00000000     <absolute>
 0000:0000006b       ___safe_se_handler_count   0000006b     <absolute>
 0000:00009876       __ldused                   00009876     <absolute>
 0000:00009876       __fltused                  00009876     <absolute>
 0000:00000000       ___ImageBase               67d80000     <linker-defined>
 0001:00000000       ??0CAbortDlg@@QAE@PAVCWnd@@PAVSapTransfer@@H@Z 67d81000 f   AbortDlg.obj
 0001:00000060       ?DoDataExchange@CAbortDlg@@MAEXPAVCDataExchange@@@Z 67d81060 f   AbortDlg.obj
 0001:00000090       ?GetMessageMap@CAbortDlg@@MBEPBUAFX_MSGMAP@@XZ 67d81090 f   AbortDlg.obj
 0001:000000c0       ?GetThisMessageMap@CAbortDlg@@KGPBUAFX_MSGMAP@@XZ 67d810c0 f   AbortDlg.obj
 0001:000000d0       ?OnInitDialog@CAbortDlg@@MAEHXZ 67d810d0 f   AbortDlg.obj
 0001:000001a0       ?OnAbort@CAbortDlg@@IAEXXZ 67d811a0 f   AbortDlg.obj
 0001:000001d0       ?OnTimer@CAbortDlg@@IAEXI@Z 67d811d0 f   AbortDlg.obj
 0001:000002b0       ??_GCAbortDlg@@UAEPAXI@Z   67d812b0 f i AbortDlg.obj
 0001:000002f0       ??1CAbortDlg@@UAE@XZ       67d812f0 f i AbortDlg.obj
 0001:00000320       ??_ECAbortDlg@@UAEPAXI@Z   67d81320 f i AbortDlg.obj
 0001:000003a0       ??0CAcqConfigDlg@@QAE@PAVCWnd@@W4ServerCategory@0@@Z 67d813a0 f   AcqConfigDlg.obj
 0001:00000520       ??0CAcqConfigDlg@@QAE@PAVCWnd@@VSapLocation@@PBDW4ServerCategory@0@@Z 67d81520 f   AcqConfigDlg.obj
 0001:00000760       ??0CAcqConfigDlg@@QAE@PAVCWnd@@PAVSapAcquisition@@PBD@Z 67d81760 f   AcqConfigDlg.obj
 0001:00000a30       ?GetLocation@CAcqConfigDlg@@QAE?AVSapLocation@@XZ 67d81a30 f   AcqConfigDlg.obj
 0001:00000ab0       ?UpdateAcquisition@CAcqConfigDlg@@IAEHXZ 67d81ab0 f   AcqConfigDlg.obj
 0001:00000c00       ?LoadSettings@CAcqConfigDlg@@IAEXXZ 67d81c00 f   AcqConfigDlg.obj
 0001:00000dc0       ?SaveSettings@CAcqConfigDlg@@IAEXXZ 67d81dc0 f   AcqConfigDlg.obj
 0001:00000e60       ?SetDirectories@CAcqConfigDlg@@IAEXXZ 67d81e60 f   AcqConfigDlg.obj
 0001:00001220       ?DoDataExchange@CAcqConfigDlg@@MAEXPAVCDataExchange@@@Z 67d82220 f   AcqConfigDlg.obj
 0001:000012f0       ?GetMessageMap@CAcqConfigDlg@@MBEPBUAFX_MSGMAP@@XZ 67d822f0 f   AcqConfigDlg.obj
 0001:00001320       ?GetThisMessageMap@CAcqConfigDlg@@KGPBUAFX_MSGMAP@@XZ 67d82320 f   AcqConfigDlg.obj
 0001:00001330       ?OnInitDialog@CAcqConfigDlg@@MAEHXZ 67d82330 f   AcqConfigDlg.obj
 0001:00001390       ?InitServerCombo@CAcqConfigDlg@@IAEXXZ 67d82390 f   AcqConfigDlg.obj
 0001:00001620       ?InitResourceCombo@CAcqConfigDlg@@IAEXXZ 67d82620 f   AcqConfigDlg.obj
 0001:00001890       ?OnConfigBrowse@CAcqConfigDlg@@IAEXXZ 67d82890 f   AcqConfigDlg.obj
 0001:000019a0       ?OnKillfocusEditConfigPath@CAcqConfigDlg@@IAEXXZ 67d829a0 f   AcqConfigDlg.obj
 0001:00001a50       ?UpdateCurrentDir@CAcqConfigDlg@@IAEXPAD@Z 67d82a50 f   AcqConfigDlg.obj
 0001:00001b10       ?UpdateNames@CAcqConfigDlg@@IAEXXZ 67d82b10 f   AcqConfigDlg.obj
 0001:000023d0       ?UpdateBoxAvailability@CAcqConfigDlg@@IAEXXZ 67d833d0 f   AcqConfigDlg.obj
 0001:00002520       ?OnSelchangeComboConfig@CAcqConfigDlg@@IAEXXZ 67d83520 f   AcqConfigDlg.obj
 0001:000025b0       ?OnOK@CAcqConfigDlg@@MAEXXZ 67d835b0 f   AcqConfigDlg.obj
 0001:000026d0       ?OnSelchangeComboServer@CAcqConfigDlg@@IAEXXZ 67d836d0 f   AcqConfigDlg.obj
 0001:00002710       ?OnSelchangeComboResource@CAcqConfigDlg@@IAEXXZ 67d83710 f   AcqConfigDlg.obj
 0001:00002740       ?OnBnClickedConfigFileCheck@CAcqConfigDlg@@IAEXXZ 67d83740 f   AcqConfigDlg.obj
 0001:000029e0       ?strstr@@YAPADPADPBD@Z     67d839e0 f i AcqConfigDlg.obj
 0001:00002a10       ?GetDir@CBrowseDirDlg@@QAE?AV?$CStringT@DV?$StrTraitMFC_DLL@DV?$ChTraitsCRT@D@ATL@@@@@ATL@@XZ 67d83a10 f i AcqConfigDlg.obj
 0001:00002a70       ??1CBrowseDirDlg@@QAE@XZ   67d83a70 f i AcqConfigDlg.obj
 0001:00002aa0       ?strrchr@@YAPADPADH@Z      67d83aa0 f i AcqConfigDlg.obj
 0001:00002ad0       ??_ECAcqConfigDlg@@WHE@AEPAXI@Z 67d83ad0 f i AcqConfigDlg.obj
 0001:00002ae0       ?StringCbCopyA@@YGJPADIPBD@Z 67d83ae0 f i AcqConfigDlg.obj
 0001:00002b50       ?StringCbCatA@@YGJPADIPBD@Z 67d83b50 f i AcqConfigDlg.obj
 0001:00002c00       ?StringCbPrintfA@@YAJPADIPBDZZ 67d83c00 f i AcqConfigDlg.obj
 0001:00002c80       ??_GCAcqConfigDlg@@UAEPAXI@Z 67d83c80 f i AcqConfigDlg.obj
 0001:00002cc0       ??1CAcqConfigDlg@@UAE@XZ   67d83cc0 f i AcqConfigDlg.obj
 0001:00002dd0       ??_ECAcqConfigDlg@@UAEPAXI@Z 67d83dd0 f i AcqConfigDlg.obj
 0001:00002e50       ??0CAcqDlg@@QAE@PAVCWnd@@PAVSapAcquisition@@@Z 67d83e50 f   AcqDlg.obj
 0001:00002f00       ?DoDataExchange@CAcqDlg@@MAEXPAVCDataExchange@@@Z 67d83f00 f   AcqDlg.obj
 0001:00002f60       ?GetMessageMap@CAcqDlg@@MBEPBUAFX_MSGMAP@@XZ 67d83f60 f   AcqDlg.obj
 0001:00002f90       ?GetThisMessageMap@CAcqDlg@@KGPBUAFX_MSGMAP@@XZ 67d83f90 f   AcqDlg.obj
 0001:00002fa0       ?OnOK@CAcqDlg@@MAEXXZ      67d83fa0 f   AcqDlg.obj
 0001:00003210       ?OnInitDialog@CAcqDlg@@MAEHXZ 67d84210 f   AcqDlg.obj
 0001:00003aa0       ?UpdateWindow@CAcqDlg@@IAEXXZ 67d84aa0 f   AcqDlg.obj
 0001:00003bd0       ?OnExternalTriggerEnable@CAcqDlg@@IAEXXZ 67d84bd0 f   AcqDlg.obj
 0001:00003dc0       ??_ECAcqDlg@@WHE@AEPAXI@Z  67d84dc0 f i AcqDlg.obj
 0001:00003dd0       ??_GCAcqDlg@@UAEPAXI@Z     67d84dd0 f i AcqDlg.obj
 0001:00003e10       ??1CAcqDlg@@UAE@XZ         67d84e10 f i AcqDlg.obj
 0001:00003e90       ??_ECAcqDlg@@UAEPAXI@Z     67d84e90 f i AcqDlg.obj
 0001:00003f10       ??0CAScanDlg@@QAE@PAVCWnd@@PAVSapAcquisition@@@Z 67d84f10 f   AScanDlg.obj
 0001:00003ff0       ?DoDataExchange@CAScanDlg@@MAEXPAVCDataExchange@@@Z 67d84ff0 f   AScanDlg.obj
 0001:00004080       ?GetMessageMap@CAScanDlg@@MBEPBUAFX_MSGMAP@@XZ 67d85080 f   AScanDlg.obj
 0001:000040b0       ?GetThisMessageMap@CAScanDlg@@KGPBUAFX_MSGMAP@@XZ 67d850b0 f   AScanDlg.obj
 0001:000040c0       ?OnOK@CAScanDlg@@MAEXXZ    67d850c0 f   AScanDlg.obj
 0001:00004540       ?OnInitDialog@CAScanDlg@@MAEHXZ 67d85540 f   AScanDlg.obj
 0001:00004f20       ?UpdateWindow@CAScanDlg@@IAEXXZ 67d85f20 f   AScanDlg.obj
 0001:00005070       ?OnCamTriggerEnable@CAScanDlg@@IAEXXZ 67d86070 f   AScanDlg.obj
 0001:000050a0       ?OnCamResetEnable@CAScanDlg@@IAEXXZ 67d860a0 f   AScanDlg.obj
 0001:000050d0       ?OnTimeIntegrate@CAScanDlg@@IAEXXZ 67d860d0 f   AScanDlg.obj
 0001:00005100       ?OnKillfocusEditTime@CAScanDlg@@IAEXXZ 67d86100 f   AScanDlg.obj
 0001:00005140       ?OnFrameIntegrate@CAScanDlg@@IAEXXZ 67d86140 f   AScanDlg.obj
 0001:00005170       ?OnKillfocusEditFrame@CAScanDlg@@IAEXXZ 67d86170 f   AScanDlg.obj
 0001:000051b0       ?OnVScroll@CAScanDlg@@IAEXIIPAVCScrollBar@@@Z 67d861b0 f   AScanDlg.obj
 0001:000052e0       ?VerifyTimeIntegrateDuration@CAScanDlg@@IAEXH@Z 67d862e0 f   AScanDlg.obj
 0001:00005450       ?VerifyFrameIntegrateCount@CAScanDlg@@IAEXXZ 67d86450 f   AScanDlg.obj
 0001:00005710       ??_ECAScanDlg@@WHE@AEPAXI@Z 67d86710 f i AScanDlg.obj
 0001:00005720       ??_GCAScanDlg@@UAEPAXI@Z   67d86720 f i AScanDlg.obj
 0001:00005760       ??1CAScanDlg@@UAE@XZ       67d86760 f i AScanDlg.obj
 0001:00005800       ??_ECAScanDlg@@UAEPAXI@Z   67d86800 f i AScanDlg.obj
 0001:00005880       ??0CAviFileDlg@@QAE@PAVCWnd@@HHHH@Z 67d86880 f   AviFileDlg.obj
 0001:00005980       ?DoDataExchange@CAviFileDlg@@MAEXPAVCDataExchange@@@Z 67d86980 f   AviFileDlg.obj
 0001:00005a00       ?GetMessageMap@CAviFileDlg@@MBEPBUAFX_MSGMAP@@XZ 67d86a00 f   AviFileDlg.obj
 0001:00005a30       ?GetThisMessageMap@CAviFileDlg@@KGPBUAFX_MSGMAP@@XZ 67d86a30 f   AviFileDlg.obj
 0001:00005a40       ?OnVScroll@CAviFileDlg@@IAEXIIPAVCScrollBar@@@Z 67d86a40 f   AviFileDlg.obj
 0001:00005b40       ?OnUpdateAviEditFirstFrame@CAviFileDlg@@IAEXXZ 67d86b40 f   AviFileDlg.obj
 0001:00005b70       ?OnUpdateAviEditCompressionLevel@CAviFileDlg@@IAEXXZ 67d86b70 f   AviFileDlg.obj
 0001:00005ba0       ?OnInitDialog@CAviFileDlg@@MAEHXZ 67d86ba0 f   AviFileDlg.obj
 0001:00005c80       ?OnOK@CAviFileDlg@@MAEXXZ  67d86c80 f   AviFileDlg.obj
 0001:00005d10       ??_ECAviFileDlg@@UAEPAXI@Z 67d86d10 f i AviFileDlg.obj
 0001:00005d10       ??_GCAviFileDlg@@UAEPAXI@Z 67d86d10 f i AviFileDlg.obj
 0001:00005d50       ??1CAviFileDlg@@UAE@XZ     67d86d50 f i AviFileDlg.obj
 0001:00005d80       ??0CBayerOptionsDlg@@QAE@PAVCWnd@@PAVSapBayer@@PAVSapTransfer@@PAVCImageWnd@@PAVSapProcessing@@@Z 67d86d80 f   BayerDlg.obj
 0001:00005e80       ??1CBayerOptionsDlg@@UAE@XZ 67d86e80 f   BayerDlg.obj
 0001:00005f10       ?DoDataExchange@CBayerOptionsDlg@@MAEXPAVCDataExchange@@@Z 67d86f10 f   BayerDlg.obj
 0001:00005fe0       ?GetMessageMap@CBayerOptionsDlg@@MBEPBUAFX_MSGMAP@@XZ 67d86fe0 f   BayerDlg.obj
 0001:00006010       ?GetThisMessageMap@CBayerOptionsDlg@@KGPBUAFX_MSGMAP@@XZ 67d87010 f   BayerDlg.obj
 0001:00006020       ?OnInitDialog@CBayerOptionsDlg@@MAEHXZ 67d87020 f   BayerDlg.obj
 0001:00006080       ?UpdateInterface@CBayerOptionsDlg@@QAEXXZ 67d87080 f   BayerDlg.obj
 0001:00006480       ?OnChange@CBayerOptionsDlg@@IAEXXZ 67d87480 f   BayerDlg.obj
 0001:000064c0       ?OnGammaEnable@CBayerOptionsDlg@@IAEXXZ 67d874c0 f   BayerDlg.obj
 0001:00006560       ?OnChangeRange@CBayerOptionsDlg@@IAEXI@Z 67d87560 f   BayerDlg.obj
 0001:00006590       ?OnAutoWhiteBalance@CBayerOptionsDlg@@IAEXXZ 67d87590 f   BayerDlg.obj
 0001:000066f0       ?OnApply@CBayerOptionsDlg@@IAEXXZ 67d876f0 f   BayerDlg.obj
 0001:00006960       ?OnShowWindow@CBayerOptionsDlg@@IAEXHI@Z 67d87960 f   BayerDlg.obj
 0001:000069d0       ?UpdateView@CBayerOptionsDlg@@IAEXXZ 67d879d0 f   BayerDlg.obj
 0001:00006b30       ?OnClose@CBayerOptionsDlg@@IAEXXZ 67d87b30 f   BayerDlg.obj
 0001:00006b90       ??_ECBayerOptionsDlg@@WHE@AEPAXI@Z 67d87b90 f i BayerDlg.obj
 0001:00006ba0       ?IsRoiTrackerActive@CImageWnd@@QAEHXZ 67d87ba0 f i BayerDlg.obj
 0001:00006bc0       ??_GCBayerOptionsDlg@@UAEPAXI@Z 67d87bc0 f i BayerDlg.obj
 0001:00006c00       ??_ECBayerOptionsDlg@@UAEPAXI@Z 67d87c00 f i BayerDlg.obj
 0001:00006c80       ??0CBrowseDirDlg@@QAE@PBD@Z 67d87c80 f   BrowseDirDlg.obj
 0001:00006d10       ?DoModal@CBrowseDirDlg@@QAEHXZ 67d87d10 f   BrowseDirDlg.obj
 0001:00007170       ?BrowseHookProc@CBrowseDirDlg@@KGIPAUHWND__@@IIJ@Z 67d88170 f   BrowseDirDlg.obj
 0001:00007370       ??HATL@@YA?AV?$CStringT@DV?$StrTraitMFC_DLL@DV?$ChTraitsCRT@D@ATL@@@@@0@ABV10@0@Z 67d88370 f i BrowseDirDlg.obj
 0001:000074d0       ??HATL@@YA?AV?$CStringT@DV?$StrTraitMFC_DLL@DV?$ChTraitsCRT@D@ATL@@@@@0@ABV10@D@Z 67d884d0 f i BrowseDirDlg.obj
 0001:00007630       ??0CBufDlg@@QAE@PAVCWnd@@PAVSapBuffer@@PAVSapDisplay@@@Z 67d88630 f   BufDlg.obj
 0001:00007980       ?UpdateBuffer@CBufDlg@@IAEHXZ 67d88980 f   BufDlg.obj
 0001:00007b10       ?DoDataExchange@CBufDlg@@MAEXPAVCDataExchange@@@Z 67d88b10 f   BufDlg.obj
 0001:00007bd0       ?GetMessageMap@CBufDlg@@MBEPBUAFX_MSGMAP@@XZ 67d88bd0 f   BufDlg.obj
 0001:00007c00       ?GetThisMessageMap@CBufDlg@@KGPBUAFX_MSGMAP@@XZ 67d88c00 f   BufDlg.obj
 0001:00007c10       ?OnInitDialog@CBufDlg@@MAEHXZ 67d88c10 f   BufDlg.obj
 0001:00007d80       ?OnSelchangeComboFormat@CBufDlg@@IAEXXZ 67d88d80 f   BufDlg.obj
 0001:00007e20       ?OnContiguous@CBufDlg@@IAEXXZ 67d88e20 f   BufDlg.obj
 0001:00007e40       ?OnScatterGather@CBufDlg@@IAEXXZ 67d88e40 f   BufDlg.obj
 0001:00007e70       ?OnOffscreenVideo@CBufDlg@@IAEXXZ 67d88e70 f   BufDlg.obj
 0001:00007e90       ?OnOverlay@CBufDlg@@IAEXXZ 67d88e90 f   BufDlg.obj
 0001:00007eb0       ?OnBufferVirtual@CBufDlg@@IAEXXZ 67d88eb0 f   BufDlg.obj
 0001:00007ed0       ?OnOK@CBufDlg@@MAEXXZ      67d88ed0 f   BufDlg.obj
 0001:00007f10       ?EnableControls@CBufDlg@@IAEXXZ 67d88f10 f   BufDlg.obj
 0001:00008100       ??_GCBufDlg@@UAEPAXI@Z     67d89100 f i BufDlg.obj
 0001:00008140       ??1CBufDlg@@UAE@XZ         67d89140 f i BufDlg.obj
 0001:000081f0       ??_ECBufDlg@@UAEPAXI@Z     67d891f0 f i BufDlg.obj
 0001:00008270       ??0CCabDlg@@QAE@PAVCWnd@@PAVSapCab@@PAVSapXferNode@@H@Z 67d89270 f   CabDlg.obj
 0001:000084e0       ??1CCabDlg@@UAE@XZ         67d894e0 f   CabDlg.obj
 0001:000085e0       ?DoDataExchange@CCabDlg@@MAEXPAVCDataExchange@@@Z 67d895e0 f   CabDlg.obj
 0001:00008680       ?GetMessageMap@CCabDlg@@MBEPBUAFX_MSGMAP@@XZ 67d89680 f   CabDlg.obj
 0001:000086b0       ?GetThisMessageMap@CCabDlg@@KGPBUAFX_MSGMAP@@XZ 67d896b0 f   CabDlg.obj
 0001:000086c0       ?EnableControls@CCabDlg@@QAEXXZ 67d896c0 f   CabDlg.obj
 0001:00008b50       ?OnInitDialog@CCabDlg@@MAEHXZ 67d89b50 f   CabDlg.obj
 0001:00009250       ?OnOK@CCabDlg@@MAEXXZ      67d8a250 f   CabDlg.obj
 0001:000095d0       ?OnCabTransmitter@CCabDlg@@IAEXXZ 67d8a5d0 f   CabDlg.obj
 0001:00009610       ?OnCabReceiver@CCabDlg@@IAEXXZ 67d8a610 f   CabDlg.obj
 0001:00009650       ?OnSelchangeCabTransferMode@CCabDlg@@IAEXXZ 67d8a650 f   CabDlg.obj
 0001:00009680       ?OnSelchangeCabChannelTable@CCabDlg@@IAEXPAUtagNMHDR@@PAJ@Z 67d8a680 f   CabDlg.obj
 0001:000096e0       ?OnCabChannel0@CCabDlg@@IAEXXZ 67d8a6e0 f   CabDlg.obj
 0001:00009710       ?OnCabChannel1@CCabDlg@@IAEXXZ 67d8a710 f   CabDlg.obj
 0001:00009740       ?OnCabChannel2@CCabDlg@@IAEXXZ 67d8a740 f   CabDlg.obj
 0001:00009770       ?OnCabChannel3@CCabDlg@@IAEXXZ 67d8a770 f   CabDlg.obj
 0001:000097a0       ?OnCabChannel4@CCabDlg@@IAEXXZ 67d8a7a0 f   CabDlg.obj
 0001:000097d0       ?OnCabChannel5@CCabDlg@@IAEXXZ 67d8a7d0 f   CabDlg.obj
 0001:00009800       ?OnCabChannel6@CCabDlg@@IAEXXZ 67d8a800 f   CabDlg.obj
 0001:00009830       ?OnCabChannel7@CCabDlg@@IAEXXZ 67d8a830 f   CabDlg.obj
 0001:00009860       ?OnCabChannel8@CCabDlg@@IAEXXZ 67d8a860 f   CabDlg.obj
 0001:00009890       ?OnCabChannel9@CCabDlg@@IAEXXZ 67d8a890 f   CabDlg.obj
 0001:000098c0       ?OnCabChannel10@CCabDlg@@IAEXXZ 67d8a8c0 f   CabDlg.obj
 0001:000098f0       ?OnCabChannel11@CCabDlg@@IAEXXZ 67d8a8f0 f   CabDlg.obj
 0001:00009920       ?OnCabChannel12@CCabDlg@@IAEXXZ 67d8a920 f   CabDlg.obj
 0001:00009950       ?OnCabChannel13@CCabDlg@@IAEXXZ 67d8a950 f   CabDlg.obj
 0001:00009980       ?OnCabChannel14@CCabDlg@@IAEXXZ 67d8a980 f   CabDlg.obj
 0001:000099b0       ?OnCabChannel15@CCabDlg@@IAEXXZ 67d8a9b0 f   CabDlg.obj
 0001:000099e0       ?ToggleCabChannel@CCabDlg@@IAEXH@Z 67d8a9e0 f   CabDlg.obj
 0001:00009a40       ?DestroyWindow@CCabDlg@@UAEHXZ 67d8aa40 f   CabDlg.obj
 0001:00009ab0       ??_ESapCab@@UAEPAXI@Z      67d8aab0 f i CabDlg.obj
 0001:00009ab0       ??_GSapCab@@UAEPAXI@Z      67d8aab0 f i CabDlg.obj
 0001:00009b00       ??_ECCabDlg@@WHE@AEPAXI@Z  67d8ab00 f i CabDlg.obj
 0001:00009b10       ??_GCCabDlg@@UAEPAXI@Z     67d8ab10 f i CabDlg.obj
 0001:00009b50       ??_ECCabDlg@@UAEPAXI@Z     67d8ab50 f i CabDlg.obj
 0001:00009bd0       ??0CCamVicDlg@@QAE@PAVCWnd@@PAVSapAcquisition@@PBD@Z 67d8abd0 f   CamVicDlg.obj
 0001:00009f10       ?UpdateAcquisition@CCamVicDlg@@IAEHXZ 67d8af10 f   CamVicDlg.obj
 0001:0000a080       ?LoadSettings@CCamVicDlg@@IAEXXZ 67d8b080 f   CamVicDlg.obj
 0001:0000a2c0       ?SaveSettings@CCamVicDlg@@IAEXXZ 67d8b2c0 f   CamVicDlg.obj
 0001:0000a380       ?SetDirectories@CCamVicDlg@@IAEXXZ 67d8b380 f   CamVicDlg.obj
 0001:0000a8f0       ?DoDataExchange@CCamVicDlg@@MAEXPAVCDataExchange@@@Z 67d8b8f0 f   CamVicDlg.obj
 0001:0000a9e0       ?GetMessageMap@CCamVicDlg@@MBEPBUAFX_MSGMAP@@XZ 67d8b9e0 f   CamVicDlg.obj
 0001:0000aa10       ?GetThisMessageMap@CCamVicDlg@@KGPBUAFX_MSGMAP@@XZ 67d8ba10 f   CamVicDlg.obj
 0001:0000aa20       ?OnInitDialog@CCamVicDlg@@MAEHXZ 67d8ba20 f   CamVicDlg.obj
 0001:0000aaa0       ?InitServerCombo@CCamVicDlg@@IAEXXZ 67d8baa0 f   CamVicDlg.obj
 0001:0000ac30       ?InitResourceCombo@CCamVicDlg@@IAEXXZ 67d8bc30 f   CamVicDlg.obj
 0001:0000ad90       ?OnCamBrowse@CCamVicDlg@@IAEXXZ 67d8bd90 f   CamVicDlg.obj
 0001:0000aeb0       ?OnVicBrowse@CCamVicDlg@@IAEXXZ 67d8beb0 f   CamVicDlg.obj
 0001:0000afd0       ?OnKillfocusEditCamPath@CCamVicDlg@@IAEXXZ 67d8bfd0 f   CamVicDlg.obj
 0001:0000b080       ?OnKillfocusEditVicPath@CCamVicDlg@@IAEXXZ 67d8c080 f   CamVicDlg.obj
 0001:0000b130       ?UpdateCurrentDir@CCamVicDlg@@IAEXPADH@Z 67d8c130 f   CamVicDlg.obj
 0001:0000b240       ?UpdateNames@CCamVicDlg@@IAEXH@Z 67d8c240 f   CamVicDlg.obj
 0001:0000b8c0       ?UpdateBoxAvailability@CCamVicDlg@@IAEXXZ 67d8c8c0 f   CamVicDlg.obj
 0001:0000b980       ?OnSelchangeComboCamera@CCamVicDlg@@IAEXXZ 67d8c980 f   CamVicDlg.obj
 0001:0000ba10       ?OnSelchangeComboVic@CCamVicDlg@@IAEXXZ 67d8ca10 f   CamVicDlg.obj
 0001:0000baa0       ?MakeVicAvailable@CCamVicDlg@@IAEHXZ 67d8caa0 f   CamVicDlg.obj
 0001:0000bbc0       ?OnGenerateVic@CCamVicDlg@@IAEXXZ 67d8cbc0 f   CamVicDlg.obj
 0001:0000c300       ?OnOK@CCamVicDlg@@MAEXXZ   67d8d300 f   CamVicDlg.obj
 0001:0000c3a0       ?OnSelchangeComboServer@CCamVicDlg@@IAEXXZ 67d8d3a0 f   CamVicDlg.obj
 0001:0000c3e0       ?OnSelchangeComboResource@CCamVicDlg@@IAEXXZ 67d8d3e0 f   CamVicDlg.obj
 0001:0000c680       ??HATL@@YA?AV?$CStringT@DV?$StrTraitMFC_DLL@DV?$ChTraitsCRT@D@ATL@@@@@0@ABV10@PBD@Z 67d8d680 f i CamVicDlg.obj
 0001:0000c7d0       ??_ECCamVicDlg@@WHE@AEPAXI@Z 67d8d7d0 f i CamVicDlg.obj
 0001:0000c7e0       ??_GCCamVicDlg@@UAEPAXI@Z  67d8d7e0 f i CamVicDlg.obj
 0001:0000c820       ??1CCamVicDlg@@UAE@XZ      67d8d820 f i CamVicDlg.obj
 0001:0000c950       ??_ECCamVicDlg@@UAEPAXI@Z  67d8d950 f i CamVicDlg.obj
 0001:0000c9d0       ??0CCompDlg@@QAE@PAVCWnd@@PAVSapAcquisition@@PAVSapTransfer@@@Z 67d8d9d0 f   CompDlg.obj
 0001:0000cb20       ?DoDataExchange@CCompDlg@@MAEXPAVCDataExchange@@@Z 67d8db20 f   CompDlg.obj
 0001:0000cc40       ?GetMessageMap@CCompDlg@@MBEPBUAFX_MSGMAP@@XZ 67d8dc40 f   CompDlg.obj
 0001:0000cc70       ?GetThisMessageMap@CCompDlg@@KGPBUAFX_MSGMAP@@XZ 67d8dc70 f   CompDlg.obj
 0001:0000cc80       ?Snap@CCompDlg@@IAEXXZ     67d8dc80 f   CompDlg.obj
 0001:0000cdf0       ?OnOK@CCompDlg@@MAEXXZ     67d8ddf0 f   CompDlg.obj
 0001:0000ce20       ?OnCancel@CCompDlg@@MAEXXZ 67d8de20 f   CompDlg.obj
 0001:0000cfb0       ?OnInitDialog@CCompDlg@@MAEHXZ 67d8dfb0 f   CompDlg.obj
 0001:0000e070       ?UpdateWindow@CCompDlg@@IAEXXZ 67d8f070 f   CompDlg.obj
 0001:0000e200       ?SetBrightness@CCompDlg@@IAEXXZ 67d8f200 f   CompDlg.obj
 0001:0000e2f0       ?SetContrast@CCompDlg@@IAEXXZ 67d8f2f0 f   CompDlg.obj
 0001:0000e3e0       ?SetHue@CCompDlg@@IAEXXZ   67d8f3e0 f   CompDlg.obj
 0001:0000e4a0       ?SetSaturation@CCompDlg@@IAEXXZ 67d8f4a0 f   CompDlg.obj
 0001:0000e560       ?SetSharpness@CCompDlg@@IAEXXZ 67d8f560 f   CompDlg.obj
 0001:0000e620       ?OnHScroll@CCompDlg@@IAEXIIPAVCScrollBar@@@Z 67d8f620 f   CompDlg.obj
 0001:0000ea10       ?OnRed@CCompDlg@@IAEXXZ    67d8fa10 f   CompDlg.obj
 0001:0000ea80       ?OnGreen@CCompDlg@@IAEXXZ  67d8fa80 f   CompDlg.obj
 0001:0000eaf0       ?OnBlue@CCompDlg@@IAEXXZ   67d8faf0 f   CompDlg.obj
 0001:0000eb60       ?OnKillfocusEditContrast@CCompDlg@@IAEXXZ 67d8fb60 f   CompDlg.obj
 0001:0000ebb0       ?OnKillfocusEditBrightness@CCompDlg@@IAEXXZ 67d8fbb0 f   CompDlg.obj
 0001:0000ec00       ?OnKillfocusEditHue@CCompDlg@@IAEXXZ 67d8fc00 f   CompDlg.obj
 0001:0000ec50       ?OnKillfocusEditSaturation@CCompDlg@@IAEXXZ 67d8fc50 f   CompDlg.obj
 0001:0000eca0       ?OnKillfocusEditSharpness@CCompDlg@@IAEXXZ 67d8fca0 f   CompDlg.obj
 0001:0000ecf0       ?OnDefault@CCompDlg@@IAEXXZ 67d8fcf0 f   CompDlg.obj
 0001:0000ee80       ??_ECCompDlg@@WHE@AEPAXI@Z 67d8fe80 f i CompDlg.obj
 0001:0000ee90       ??_GCCompDlg@@UAEPAXI@Z    67d8fe90 f i CompDlg.obj
 0001:0000eed0       ??1CCompDlg@@UAE@XZ        67d8fed0 f i CompDlg.obj
 0001:0000efa0       ??_ECCompDlg@@UAEPAXI@Z    67d8ffa0 f i CompDlg.obj
 0001:0000f020       ??0CFlatFieldDlg@@QAE@PAVCWnd@@PAVSapFlatField@@PAVSapTransfer@@PAVSapBuffer@@@Z 67d90020 f   FlatFieldDlg.obj
 0001:0000f210       ??1CFlatFieldDlg@@UAE@XZ   67d90210 f   FlatFieldDlg.obj
 0001:0000f330       ?DoDataExchange@CFlatFieldDlg@@MAEXPAVCDataExchange@@@Z 67d90330 f   FlatFieldDlg.obj
 0001:0000f540       ?GetMessageMap@CFlatFieldDlg@@MBEPBUAFX_MSGMAP@@XZ 67d90540 f   FlatFieldDlg.obj
 0001:0000f570       ?GetThisMessageMap@CFlatFieldDlg@@KGPBUAFX_MSGMAP@@XZ 67d90570 f   FlatFieldDlg.obj
 0001:0000f580       ?OnInitDialog@CFlatFieldDlg@@MAEHXZ 67d90580 f   FlatFieldDlg.obj
 0001:00010550       ?OnDestroy@CFlatFieldDlg@@IAEXXZ 67d91550 f   FlatFieldDlg.obj
 0001:00010580       ?OnDarkImage@CFlatFieldDlg@@IAEXXZ 67d91580 f   FlatFieldDlg.obj
 0001:00010eb0       ?DarkImage@CFlatFieldDlg@@AAEXXZ 67d91eb0 f   FlatFieldDlg.obj
 0001:00011700       ?OnBrightImage@CFlatFieldDlg@@IAEXXZ 67d92700 f   FlatFieldDlg.obj
 0001:00011f70       ?BrightImage@CFlatFieldDlg@@AAEXXZ 67d92f70 f   FlatFieldDlg.obj
 0001:00012d20       ?OnOK@CFlatFieldDlg@@MAEXXZ 67d93d20 f   FlatFieldDlg.obj
 0001:00012dd0       ?OnCancel@CFlatFieldDlg@@MAEXXZ 67d93dd0 f   FlatFieldDlg.obj
 0001:00012eb0       ?OnSelchangeCorrectionType@CFlatFieldDlg@@IAEXXZ 67d93eb0 f   FlatFieldDlg.obj
 0001:00012f60       ?OnSelchangeVideoType@CFlatFieldDlg@@IAEXXZ 67d93f60 f   FlatFieldDlg.obj
 0001:00012fd0       ?OnSelchangeCalibrationIndex@CFlatFieldDlg@@IAEXXZ 67d93fd0 f   FlatFieldDlg.obj
 0001:00013030       ?Snap@CFlatFieldDlg@@QAEHXZ 67d94030 f   FlatFieldDlg.obj
 0001:00013260       ?LogMessage@CFlatFieldDlg@@AAEXHV?$CStringT@DV?$StrTraitMFC_DLL@DV?$ChTraitsCRT@D@ATL@@@@@ATL@@@Z 67d94260 f   FlatFieldDlg.obj
 0001:00013470       ?GetAverageStr@CFlatFieldDlg@@ABE?AV?$CStringT@DV?$StrTraitMFC_DLL@DV?$ChTraitsCRT@D@ATL@@@@@ATL@@AAVSapFlatFieldStats@@@Z 67d94470 f   FlatFieldDlg.obj
 0001:000136d0       ?GetStdDeviationStr@CFlatFieldDlg@@ABE?AV?$CStringT@DV?$StrTraitMFC_DLL@DV?$ChTraitsCRT@D@ATL@@@@@ATL@@AAVSapFlatFieldStats@@@Z 67d946d0 f   FlatFieldDlg.obj
 0001:00013930       ?GetLowStr@CFlatFieldDlg@@ABE?AV?$CStringT@DV?$StrTraitMFC_DLL@DV?$ChTraitsCRT@D@ATL@@@@@ATL@@AAVSapFlatFieldStats@@@Z 67d94930 f   FlatFieldDlg.obj
 0001:00013b90       ?GetHighStr@CFlatFieldDlg@@ABE?AV?$CStringT@DV?$StrTraitMFC_DLL@DV?$ChTraitsCRT@D@ATL@@@@@ATL@@AAVSapFlatFieldStats@@@Z 67d94b90 f   FlatFieldDlg.obj
 0001:00013df0       ?GetPeakPositionStr@CFlatFieldDlg@@ABE?AV?$CStringT@DV?$StrTraitMFC_DLL@DV?$ChTraitsCRT@D@ATL@@@@@ATL@@AAVSapFlatFieldStats@@@Z 67d94df0 f   FlatFieldDlg.obj
 0001:00014050       ?GetPixelRatioStr@CFlatFieldDlg@@ABE?AV?$CStringT@DV?$StrTraitMFC_DLL@DV?$ChTraitsCRT@D@ATL@@@@@ATL@@AAVSapFlatFieldStats@@@Z 67d95050 f   FlatFieldDlg.obj
 0001:000142b0       ?GetNumPixelsStr@CFlatFieldDlg@@ABE?AV?$CStringT@DV?$StrTraitMFC_DLL@DV?$ChTraitsCRT@D@ATL@@@@@ATL@@AAVSapFlatFieldStats@@@Z 67d952b0 f   FlatFieldDlg.obj
 0001:00014510       ?OnSaveAndUpload@CFlatFieldDlg@@IAEXXZ 67d95510 f   FlatFieldDlg.obj
 0001:00014880       ?pow@@YANNH@Z              67d95880 f i FlatFieldDlg.obj
 0001:000148b0       ??_ESapBuffer@@UAEPAXI@Z   67d958b0 f i FlatFieldDlg.obj
 0001:000148b0       ??_GSapBuffer@@UAEPAXI@Z   67d958b0 f i FlatFieldDlg.obj
 0001:00014900       ??$_Pow_int@N@@YANNH@Z     67d95900 f i FlatFieldDlg.obj
 0001:00014980       ??_ECFlatFieldDlg@@WHE@AEPAXI@Z 67d95980 f i FlatFieldDlg.obj
 0001:00014990       ?GetPathName@CLoadSaveDlg@@QAE?AV?$CStringT@DV?$StrTraitMFC_DLL@DV?$ChTraitsCRT@D@ATL@@@@@ATL@@XZ 67d95990 f i FlatFieldDlg.obj
 0001:000149f0       ??1CLoadSaveDlg@@UAE@XZ    67d959f0 f i FlatFieldDlg.obj
 0001:00014a30       ??_GCFlatFieldDlg@@UAEPAXI@Z 67d95a30 f i FlatFieldDlg.obj
 0001:00014a70       ??_ECFlatFieldDlg@@UAEPAXI@Z 67d95a70 f i FlatFieldDlg.obj
 0001:00014af0       ??0CGioBidirectionalDlg@@QAE@PAVCWnd@@IPAVSapGio@@@Z 67d95af0 f   GioBidirectionalDlg.obj
 0001:00014c20       ?DoDataExchange@CGioBidirectionalDlg@@MAEXPAVCDataExchange@@@Z 67d95c20 f   GioBidirectionalDlg.obj
 0001:00014c90       ?MoveWindow@CGioBidirectionalDlg@@QAEII@Z 67d95c90 f   GioBidirectionalDlg.obj
 0001:00014d40       ?GetMessageMap@CGioBidirectionalDlg@@MBEPBUAFX_MSGMAP@@XZ 67d95d40 f   GioBidirectionalDlg.obj
 0001:00014d70       ?GetThisMessageMap@CGioBidirectionalDlg@@KGPBUAFX_MSGMAP@@XZ 67d95d70 f   GioBidirectionalDlg.obj
 0001:00014d80       ?PreTranslateMessage@CGioBidirectionalDlg@@UAEHPAUtagMSG@@@Z 67d95d80 f   GioBidirectionalDlg.obj
 0001:00014dd0       ?GioCallbackInfo@CGioBidirectionalDlg@@SAXPAVSapGioCallbackInfo@@@Z 67d95dd0 f   GioBidirectionalDlg.obj
 0001:00014f00       ?Create@CGioBidirectionalDlg@@QAEHXZ 67d95f00 f   GioBidirectionalDlg.obj
 0001:00014f50       ?OnInitDialog@CGioBidirectionalDlg@@MAEHXZ 67d95f50 f   GioBidirectionalDlg.obj
 0001:00015a30       ?OnSelchangeComboSignalEvent@CGioBidirectionalDlg@@IAEXXZ 67d96a30 f   GioBidirectionalDlg.obj
 0001:00015a80       ?ChangePinDirection@CGioBidirectionalDlg@@IAEXIH@Z 67d96a80 f   GioBidirectionalDlg.obj
 0001:00015bb0       ?OnSelchangeComboDir1@CGioBidirectionalDlg@@IAEXXZ 67d96bb0 f   GioBidirectionalDlg.obj
 0001:00015bf0       ?OnSelchangeComboDir2@CGioBidirectionalDlg@@IAEXXZ 67d96bf0 f   GioBidirectionalDlg.obj
 0001:00015c30       ?OnSelchangeComboDir3@CGioBidirectionalDlg@@IAEXXZ 67d96c30 f   GioBidirectionalDlg.obj
 0001:00015c70       ?OnSelchangeComboDir4@CGioBidirectionalDlg@@IAEXXZ 67d96c70 f   GioBidirectionalDlg.obj
 0001:00015cb0       ?OnSelchangeComboDir5@CGioBidirectionalDlg@@IAEXXZ 67d96cb0 f   GioBidirectionalDlg.obj
 0001:00015cf0       ?OnSelchangeComboDir6@CGioBidirectionalDlg@@IAEXXZ 67d96cf0 f   GioBidirectionalDlg.obj
 0001:00015d30       ?OnSelchangeComboDir7@CGioBidirectionalDlg@@IAEXXZ 67d96d30 f   GioBidirectionalDlg.obj
 0001:00015d70       ?OnSelchangeComboDir8@CGioBidirectionalDlg@@IAEXXZ 67d96d70 f   GioBidirectionalDlg.obj
 0001:00015db0       ?OnSelchangeComboDir9@CGioBidirectionalDlg@@IAEXXZ 67d96db0 f   GioBidirectionalDlg.obj
 0001:00015df0       ?OnSelchangeComboDir10@CGioBidirectionalDlg@@IAEXXZ 67d96df0 f   GioBidirectionalDlg.obj
 0001:00015e30       ?OnSelchangeComboDir11@CGioBidirectionalDlg@@IAEXXZ 67d96e30 f   GioBidirectionalDlg.obj
 0001:00015e70       ?OnSelchangeComboDir12@CGioBidirectionalDlg@@IAEXXZ 67d96e70 f   GioBidirectionalDlg.obj
 0001:00015eb0       ?OnEnableCallback@CGioBidirectionalDlg@@IAEXXZ 67d96eb0 f   GioBidirectionalDlg.obj
 0001:00016080       ?Update@CGioBidirectionalDlg@@QAEHXZ 67d97080 f   GioBidirectionalDlg.obj
 0001:00016320       ?OnSelchangeComboInputLevel@CGioBidirectionalDlg@@IAEXXZ 67d97320 f   GioBidirectionalDlg.obj
 0001:000164b0       ?OnCtlColor@CGioBidirectionalDlg@@IAEPAUHBRUSH__@@PAVCDC@@PAVCWnd@@I@Z 67d974b0 f   GioBidirectionalDlg.obj
 0001:00016520       ?ResetInterruptCount@CGioBidirectionalDlg@@IAEHXZ 67d97520 f   GioBidirectionalDlg.obj
 0001:00016690       ?OnBtReset@CGioBidirectionalDlg@@IAEXXZ 67d97690 f   GioBidirectionalDlg.obj
 0001:000166c0       ?ChangePinState@CGioBidirectionalDlg@@IAEXH@Z 67d976c0 f   GioBidirectionalDlg.obj
 0001:000168b0       ?OnPin1@CGioBidirectionalDlg@@IAEXXZ 67d978b0 f   GioBidirectionalDlg.obj
 0001:000168e0       ?OnPin2@CGioBidirectionalDlg@@IAEXXZ 67d978e0 f   GioBidirectionalDlg.obj
 0001:00016910       ?OnPin3@CGioBidirectionalDlg@@IAEXXZ 67d97910 f   GioBidirectionalDlg.obj
 0001:00016940       ?OnPin4@CGioBidirectionalDlg@@IAEXXZ 67d97940 f   GioBidirectionalDlg.obj
 0001:00016970       ?OnPin5@CGioBidirectionalDlg@@IAEXXZ 67d97970 f   GioBidirectionalDlg.obj
 0001:000169a0       ?OnPin6@CGioBidirectionalDlg@@IAEXXZ 67d979a0 f   GioBidirectionalDlg.obj
 0001:000169d0       ?OnPin7@CGioBidirectionalDlg@@IAEXXZ 67d979d0 f   GioBidirectionalDlg.obj
 0001:00016a00       ?OnPin8@CGioBidirectionalDlg@@IAEXXZ 67d97a00 f   GioBidirectionalDlg.obj
 0001:00016a30       ?OnPin9@CGioBidirectionalDlg@@IAEXXZ 67d97a30 f   GioBidirectionalDlg.obj
 0001:00016a60       ?OnPin10@CGioBidirectionalDlg@@IAEXXZ 67d97a60 f   GioBidirectionalDlg.obj
 0001:00016a90       ?OnPin11@CGioBidirectionalDlg@@IAEXXZ 67d97a90 f   GioBidirectionalDlg.obj
 0001:00016ac0       ?OnPin12@CGioBidirectionalDlg@@IAEXXZ 67d97ac0 f   GioBidirectionalDlg.obj
 0001:00016c90       ??_GCGioBidirectionalDlg@@UAEPAXI@Z 67d97c90 f i GioBidirectionalDlg.obj
 0001:00016cd0       ??1CGioBidirectionalDlg@@UAE@XZ 67d97cd0 f i GioBidirectionalDlg.obj
 0001:00016d70       ??_ECGioBidirectionalDlg@@UAEPAXI@Z 67d97d70 f i GioBidirectionalDlg.obj
 0001:00016df0       ??0CGioInputDlg@@QAE@PAVCWnd@@IPAVSapGio@@@Z 67d97df0 f   GioInputDlg.obj
 0001:00016f20       ?DoDataExchange@CGioInputDlg@@MAEXPAVCDataExchange@@@Z 67d97f20 f   GioInputDlg.obj
 0001:00016f90       ?MoveWindow@CGioInputDlg@@QAEII@Z 67d97f90 f   GioInputDlg.obj
 0001:00017040       ?GetMessageMap@CGioInputDlg@@MBEPBUAFX_MSGMAP@@XZ 67d98040 f   GioInputDlg.obj
 0001:00017070       ?GetThisMessageMap@CGioInputDlg@@KGPBUAFX_MSGMAP@@XZ 67d98070 f   GioInputDlg.obj
 0001:00017080       ?PreTranslateMessage@CGioInputDlg@@UAEHPAUtagMSG@@@Z 67d98080 f   GioInputDlg.obj
 0001:000170d0       ?GioCallbackInfo@CGioInputDlg@@SAXPAVSapGioCallbackInfo@@@Z 67d980d0 f   GioInputDlg.obj
 0001:00017200       ?Create@CGioInputDlg@@QAEHXZ 67d98200 f   GioInputDlg.obj
 0001:00017250       ?OnInitDialog@CGioInputDlg@@MAEHXZ 67d98250 f   GioInputDlg.obj
 0001:00017bc0       ?OnSelchangeComboSignalEvent@CGioInputDlg@@IAEXXZ 67d98bc0 f   GioInputDlg.obj
 0001:00017c10       ?OnEnableCallback@CGioInputDlg@@IAEXXZ 67d98c10 f   GioInputDlg.obj
 0001:00017de0       ?Update@CGioInputDlg@@QAEHXZ 67d98de0 f   GioInputDlg.obj
 0001:00018080       ?OnSelchangeComboInputLevel@CGioInputDlg@@IAEXXZ 67d99080 f   GioInputDlg.obj
 0001:00018210       ?OnCtlColor@CGioInputDlg@@IAEPAUHBRUSH__@@PAVCDC@@PAVCWnd@@I@Z 67d99210 f   GioInputDlg.obj
 0001:00018280       ?ResetInterruptCount@CGioInputDlg@@IAEHXZ 67d99280 f   GioInputDlg.obj
 0001:000183f0       ?OnBtReset@CGioInputDlg@@IAEXXZ 67d993f0 f   GioInputDlg.obj
 0001:000185c0       ??_GCGioInputDlg@@UAEPAXI@Z 67d995c0 f i GioInputDlg.obj
 0001:00018600       ??1CGioInputDlg@@UAE@XZ    67d99600 f i GioInputDlg.obj
 0001:000186a0       ??_ECGioInputDlg@@UAEPAXI@Z 67d996a0 f i GioInputDlg.obj
 0001:00018720       ??0CGioOutputDlg@@QAE@PAVCWnd@@IPAVSapGio@@@Z 67d99720 f   GioOutputDlg.obj
 0001:00018870       ?DoDataExchange@CGioOutputDlg@@MAEXPAVCDataExchange@@@Z 67d99870 f   GioOutputDlg.obj
 0001:00018900       ?PreTranslateMessage@CGioOutputDlg@@UAEHPAUtagMSG@@@Z 67d99900 f   GioOutputDlg.obj
 0001:00018950       ?MoveWindow@CGioOutputDlg@@QAEII@Z 67d99950 f   GioOutputDlg.obj
 0001:00018a00       ?GetMessageMap@CGioOutputDlg@@MBEPBUAFX_MSGMAP@@XZ 67d99a00 f   GioOutputDlg.obj
 0001:00018a30       ?GetThisMessageMap@CGioOutputDlg@@KGPBUAFX_MSGMAP@@XZ 67d99a30 f   GioOutputDlg.obj
 0001:00018a40       ?Update@CGioOutputDlg@@QAEHXZ 67d99a40 f   GioOutputDlg.obj
 0001:00018c90       ?Create@CGioOutputDlg@@QAEHXZ 67d99c90 f   GioOutputDlg.obj
 0001:00018ce0       ?OnInitDialog@CGioOutputDlg@@MAEHXZ 67d99ce0 f   GioOutputDlg.obj
 0001:00019650       ?InitOutputDlg@CGioOutputDlg@@QAEHXZ 67d9a650 f   GioOutputDlg.obj
 0001:000197d0       ?InitComboOutputState@CGioOutputDlg@@QAEXXZ 67d9a7d0 f   GioOutputDlg.obj
 0001:00019c70       ?OnSelchangeComboOutputState@CGioOutputDlg@@IAEXXZ 67d9ac70 f   GioOutputDlg.obj
 0001:00019ca0       ?UpdateIO@CGioOutputDlg@@IAEXXZ 67d9aca0 f   GioOutputDlg.obj
 0001:00019e90       ?OnCtlColor@CGioOutputDlg@@IAEPAUHBRUSH__@@PAVCDC@@PAVCWnd@@I@Z 67d9ae90 f   GioOutputDlg.obj
 0001:00019f00       ?ChangePinState@CGioOutputDlg@@QAEXPAVCButton@@@Z 67d9af00 f   GioOutputDlg.obj
 0001:0001a060       ?OnPin1@CGioOutputDlg@@IAEXXZ 67d9b060 f   GioOutputDlg.obj
 0001:0001a0a0       ?OnPin2@CGioOutputDlg@@IAEXXZ 67d9b0a0 f   GioOutputDlg.obj
 0001:0001a0e0       ?OnPin3@CGioOutputDlg@@IAEXXZ 67d9b0e0 f   GioOutputDlg.obj
 0001:0001a120       ?OnPin4@CGioOutputDlg@@IAEXXZ 67d9b120 f   GioOutputDlg.obj
 0001:0001a160       ?OnPin5@CGioOutputDlg@@IAEXXZ 67d9b160 f   GioOutputDlg.obj
 0001:0001a1a0       ?OnPin6@CGioOutputDlg@@IAEXXZ 67d9b1a0 f   GioOutputDlg.obj
 0001:0001a1e0       ?OnPin7@CGioOutputDlg@@IAEXXZ 67d9b1e0 f   GioOutputDlg.obj
 0001:0001a220       ?OnPin8@CGioOutputDlg@@IAEXXZ 67d9b220 f   GioOutputDlg.obj
 0001:0001a260       ?OnPin9@CGioOutputDlg@@IAEXXZ 67d9b260 f   GioOutputDlg.obj
 0001:0001a2a0       ?OnPin10@CGioOutputDlg@@IAEXXZ 67d9b2a0 f   GioOutputDlg.obj
 0001:0001a2e0       ?OnPin11@CGioOutputDlg@@IAEXXZ 67d9b2e0 f   GioOutputDlg.obj
 0001:0001a320       ?OnPin12@CGioOutputDlg@@IAEXXZ 67d9b320 f   GioOutputDlg.obj
 0001:0001a500       ??_GCGioOutputDlg@@UAEPAXI@Z 67d9b500 f i GioOutputDlg.obj
 0001:0001a540       ??1CGioOutputDlg@@UAE@XZ   67d9b540 f i GioOutputDlg.obj
 0001:0001a610       ??_ECGioOutputDlg@@UAEPAXI@Z 67d9b610 f i GioOutputDlg.obj
 0001:0001a690       ??0CImageWnd@@QAE@PAVSapView@@PAVCWnd@@PAVCScrollBar@@21@Z 67d9b690 f   ImageWnd.obj
 0001:0001a7d0       ??0CImageWnd@@QAE@PAVSapView@@PAVCWnd@@@Z 67d9b7d0 f   ImageWnd.obj
 0001:0001a8f0       ??1CImageWnd@@UAE@XZ       67d9b8f0 f   ImageWnd.obj
 0001:0001a920       ?GetScrollPos@CImageWnd@@IAEHH@Z 67d9b920 f   ImageWnd.obj
 0001:0001a9c0       ?GetScrollRange@CImageWnd@@IAEXHPAH0@Z 67d9b9c0 f   ImageWnd.obj
 0001:0001aa70       ?GetScrollInfo@CImageWnd@@IAEHHPAUtagSCROLLINFO@@@Z 67d9ba70 f   ImageWnd.obj
 0001:0001ab20       ?SetScrollPos@CImageWnd@@IAEHHHH@Z 67d9bb20 f   ImageWnd.obj
 0001:0001abe0       ?SetScrollInfo@CImageWnd@@IAEHHPAUtagSCROLLINFO@@H@Z 67d9bbe0 f   ImageWnd.obj
 0001:0001aca0       ?IsPointInside@CImageWnd@@QAEHVCPoint@@@Z 67d9bca0 f   ImageWnd.obj
 0001:0001acf0       ?TranslateMousePos@CImageWnd@@QAE?AVCPoint@@V2@@Z 67d9bcf0 f   ImageWnd.obj
 0001:0001ade0       ?TranslatePos@CImageWnd@@QAE?AVCPoint@@V2@@Z 67d9bde0 f   ImageWnd.obj
 0001:0001b050       ?UntranslatePos@CImageWnd@@QAE?AVCPoint@@V2@@Z 67d9c050 f   ImageWnd.obj
 0001:0001b280       ?UpdateClientArea@CImageWnd@@QAEXK@Z 67d9c280 f   ImageWnd.obj
 0001:0001b420       ?UpdateClientArea@CImageWnd@@QAEXXZ 67d9c420 f   ImageWnd.obj
 0001:0001b4a0       ?OnMove@CImageWnd@@QAEXXZ  67d9c4a0 f   ImageWnd.obj
 0001:0001b510       ?OnPaint@CImageWnd@@QAEXXZ 67d9c510 f   ImageWnd.obj
 0001:0001b580       ?OnSize@CImageWnd@@QAEXH@Z 67d9c580 f   ImageWnd.obj
 0001:0001baf0       ?Invalidate@CImageWnd@@QAEXH@Z 67d9caf0 f   ImageWnd.obj
 0001:0001bb40       ?UpdateScrollBars@CImageWnd@@IAEXXZ 67d9cb40 f   ImageWnd.obj
 0001:0001bf10       ?OnHScroll@CImageWnd@@QAEXII@Z 67d9cf10 f   ImageWnd.obj
 0001:0001c090       ?OnVScroll@CImageWnd@@QAEXII@Z 67d9d090 f   ImageWnd.obj
 0001:0001c210       ?DisplayRoiTracker@CImageWnd@@QAEXXZ 67d9d210 f   ImageWnd.obj
 0001:0001c390       ?HideRoiTracker@CImageWnd@@QAEXXZ 67d9d390 f   ImageWnd.obj
 0001:0001c430       ?UpdateRectTracker@CImageWnd@@IAEXXZ 67d9d430 f   ImageWnd.obj
 0001:0001c4d0       ?ValidateRoi@CImageWnd@@IAE?AVCRect@@V2@@Z 67d9d4d0 f   ImageWnd.obj
 0001:0001c650       ?GetSelectedRoi@CImageWnd@@QAE?AVCRect@@XZ 67d9d650 f   ImageWnd.obj
 0001:0001c690       ?SelectRoi@CImageWnd@@QAEXVCRect@@@Z 67d9d690 f   ImageWnd.obj
 0001:0001c720       ?OnLButtonDown@CImageWnd@@QAEHVCPoint@@@Z 67d9d720 f   ImageWnd.obj
 0001:0001c8f0       ?OnSetCursor@CImageWnd@@QAEHI@Z 67d9d8f0 f   ImageWnd.obj
 0001:0001ca20       ?GetPixelString@CImageWnd@@QAE?AV?$CStringT@DV?$StrTraitMFC_DLL@DV?$ChTraitsCRT@D@ATL@@@@@ATL@@VCPoint@@@Z 67d9da20 f   ImageWnd.obj
 0001:0001d8a0       ?AdjustRect@CSapRectTracker@@UAEXHPAUtagRECT@@@Z 67d9e8a0 f   ImageWnd.obj
 0001:0001d980       ?SetLimitRect@CSapRectTracker@@QAEXPAVCRect@@@Z 67d9e980 f   ImageWnd.obj
 0001:0001d9d0       ??0CSapRectTracker@@QAE@XZ 67d9e9d0 f i ImageWnd.obj
 0001:0001da10       ??HATL@@YA?AV?$CStringT@DV?$StrTraitMFC_DLL@DV?$ChTraitsCRT@D@ATL@@@@@0@PBDABV10@@Z 67d9ea10 f i ImageWnd.obj
 0001:0001db60       ??_ECImageWnd@@UAEPAXI@Z   67d9eb60 f i ImageWnd.obj
 0001:0001dbe0       ??1CSapRectTracker@@UAE@XZ 67d9ebe0 f i ImageWnd.obj
 0001:0001dc10       ??_GCSapRectTracker@@UAEPAXI@Z 67d9ec10 f i ImageWnd.obj
 0001:0001dc10       ??_ECSapRectTracker@@UAEPAXI@Z 67d9ec10 f i ImageWnd.obj
 0001:0001dc50       ??0CJpegFileDlg@@QAE@PAVCWnd@@H@Z 67d9ec50 f   JpegFileDlg.obj
 0001:0001dcf0       ?OnFinalRelease@CJpegFileDlg@@UAEXXZ 67d9ecf0 f   JpegFileDlg.obj
 0001:0001dd20       ?DoDataExchange@CJpegFileDlg@@MAEXPAVCDataExchange@@@Z 67d9ed20 f   JpegFileDlg.obj
 0001:0001dd80       ?GetMessageMap@CJpegFileDlg@@MBEPBUAFX_MSGMAP@@XZ 67d9ed80 f   JpegFileDlg.obj
 0001:0001ddb0       ?GetThisMessageMap@CJpegFileDlg@@KGPBUAFX_MSGMAP@@XZ 67d9edb0 f   JpegFileDlg.obj
 0001:0001ddc0       ?GetThisDispatchMap@CJpegFileDlg@@KGPBUAFX_DISPMAP@@XZ 67d9edc0 f   JpegFileDlg.obj
 0001:0001ddd0       ?GetDispatchMap@CJpegFileDlg@@MBEPBUAFX_DISPMAP@@XZ 67d9edd0 f   JpegFileDlg.obj
 0001:0001ddf0       ?GetThisInterfaceMap@CJpegFileDlg@@KGPBUAFX_INTERFACEMAP@@XZ 67d9edf0 f   JpegFileDlg.obj
 0001:0001de00       ?GetInterfaceMap@CJpegFileDlg@@MBEPBUAFX_INTERFACEMAP@@XZ 67d9ee00 f   JpegFileDlg.obj
 0001:0001de20       ?OnVScroll@CJpegFileDlg@@IAEXIIPAVCScrollBar@@@Z 67d9ee20 f   JpegFileDlg.obj
 0001:0001dee0       ?OnOK@CJpegFileDlg@@MAEXXZ 67d9eee0 f   JpegFileDlg.obj
 0001:0001df20       ?OnUpdateJpgEditQuality@CJpegFileDlg@@IAEXXZ 67d9ef20 f   JpegFileDlg.obj
 0001:0001df50       ??_GCJpegFileDlg@@UAEPAXI@Z 67d9ef50 f i JpegFileDlg.obj
 0001:0001df50       ??_ECJpegFileDlg@@UAEPAXI@Z 67d9ef50 f i JpegFileDlg.obj
 0001:0001df90       ??1CJpegFileDlg@@UAE@XZ    67d9ef90 f i JpegFileDlg.obj
 0001:0001dfc0       ?_GetBaseClass@CLoadSaveDlg@@KGPAUCRuntimeClass@@XZ 67d9efc0 f   LoadSaveDlg.obj
 0001:0001dfe0       ?GetThisClass@CLoadSaveDlg@@SGPAUCRuntimeClass@@XZ 67d9efe0 f   LoadSaveDlg.obj
 0001:0001dff0       ?GetRuntimeClass@CLoadSaveDlg@@UBEPAUCRuntimeClass@@XZ 67d9eff0 f   LoadSaveDlg.obj
 0001:0001e010       ??0CLoadSaveDlg@@QAE@PAVCWnd@@PAVSapBuffer@@HH@Z 67d9f010 f   LoadSaveDlg.obj
 0001:0001e160       ?UpdateBuffer@CLoadSaveDlg@@IAEHXZ 67d9f160 f   LoadSaveDlg.obj
 0001:0001e510       ?DoModal@CLoadSaveDlg@@UAEHXZ 67d9f510 f   LoadSaveDlg.obj
 0001:0001e5d0       ?LoadSettings@CLoadSaveDlg@@IAEXXZ 67d9f5d0 f   LoadSaveDlg.obj
 0001:0001e6e0       ?SaveSettings@CLoadSaveDlg@@IAEXXZ 67d9f6e0 f   LoadSaveDlg.obj
 0001:0001e740       ?SetOptions@CLoadSaveDlg@@IAEHXZ 67d9f740 f   LoadSaveDlg.obj
 0001:0001e910       ?AddTiffOptions@CLoadSaveDlg@@IAEHXZ 67d9f910 f   LoadSaveDlg.obj
 0001:0001eb50       ?AddRawOptions@CLoadSaveDlg@@IAEHXZ 67d9fb50 f   LoadSaveDlg.obj
 0001:0001ee10       ?AddJpegOptions@CLoadSaveDlg@@IAEHXZ 67d9fe10 f   LoadSaveDlg.obj
 0001:0001efa0       ?AddAviOptions@CLoadSaveDlg@@IAEHXZ 67d9ffa0 f   LoadSaveDlg.obj
 0001:0001f0c0       ?SetFilterIndex@CLoadSaveDlg@@IAEXXZ 67da00c0 f   LoadSaveDlg.obj
 0001:0001f190       ?OnTypeChange@CLoadSaveDlg@@MAEXXZ 67da0190 f   LoadSaveDlg.obj
 0001:0001f2b0       ?GetMessageMap@CLoadSaveDlg@@MBEPBUAFX_MSGMAP@@XZ 67da02b0 f   LoadSaveDlg.obj
 0001:0001f2e0       ?GetThisMessageMap@CLoadSaveDlg@@KGPBUAFX_MSGMAP@@XZ 67da02e0 f   LoadSaveDlg.obj
 0001:0001f490       ?GetCompressionLevel@CTiffFileDlg@@QAEHXZ 67da0490 f i LoadSaveDlg.obj
 0001:0001f4b0       ?GetCompressionType@CTiffFileDlg@@QAEHXZ 67da04b0 f i LoadSaveDlg.obj
 0001:0001f4d0       ??1CTiffFileDlg@@UAE@XZ    67da04d0 f i LoadSaveDlg.obj
 0001:0001f500       ?GetRawFileWidth@CRawFileDlg@@QAEHXZ 67da0500 f i LoadSaveDlg.obj
 0001:0001f520       ?GetRawFileHeight@CRawFileDlg@@QAEHXZ 67da0520 f i LoadSaveDlg.obj
 0001:0001f540       ?GetRawFileOffset@CRawFileDlg@@QAEHXZ 67da0540 f i LoadSaveDlg.obj
 0001:0001f560       ?GetRawFileFormat@CRawFileDlg@@QAEHXZ 67da0560 f i LoadSaveDlg.obj
 0001:0001f580       ??1CRawFileDlg@@UAE@XZ     67da0580 f i LoadSaveDlg.obj
 0001:0001f5f0       ?GetJpegFileQuality@CJpegFileDlg@@QAEHXZ 67da05f0 f i LoadSaveDlg.obj
 0001:0001f610       ?GetFirstFrame@CAviFileDlg@@QAEHXZ 67da0610 f i LoadSaveDlg.obj
 0001:0001f630       ??_GCLoadSaveDlg@@UAEPAXI@Z 67da0630 f i LoadSaveDlg.obj
 0001:0001f670       ??_ECLoadSaveDlg@@UAEPAXI@Z 67da0670 f i LoadSaveDlg.obj
 0001:0001f6f0       ??0CLScanDlg@@QAE@PAVCWnd@@PAVSapAcquisition@@@Z 67da06f0 f   LScanDlg.obj
 0001:0001f830       ?DoDataExchange@CLScanDlg@@MAEXPAVCDataExchange@@@Z 67da0830 f   LScanDlg.obj
 0001:0001f950       ?GetMessageMap@CLScanDlg@@MBEPBUAFX_MSGMAP@@XZ 67da0950 f   LScanDlg.obj
 0001:0001f980       ?GetThisMessageMap@CLScanDlg@@KGPBUAFX_MSGMAP@@XZ 67da0980 f   LScanDlg.obj
 0001:0001f990       ?OnOK@CLScanDlg@@MAEXXZ    67da0990 f   LScanDlg.obj
 0001:000200f0       ?OnInitDialog@CLScanDlg@@MAEHXZ 67da10f0 f   LScanDlg.obj
 0001:00021030       ?UpdateWindow@CLScanDlg@@IAEXXZ 67da2030 f   LScanDlg.obj
 0001:000213d0       ?OnKillfocusEditLineIntegration@CLScanDlg@@IAEXXZ 67da23d0 f   LScanDlg.obj
 0001:00021410       ?OnExternalFrameTriggerEnable@CLScanDlg@@IAEXXZ 67da2410 f   LScanDlg.obj
 0001:000214c0       ?OnExternalLineTriggerEnable@CLScanDlg@@IAEXXZ 67da24c0 f   LScanDlg.obj
 0001:00021590       ?OnLineIntegrate@CLScanDlg@@IAEXXZ 67da2590 f   LScanDlg.obj
 0001:000215c0       ?OnVScroll@CLScanDlg@@IAEXIIPAVCScrollBar@@@Z 67da25c0 f   LScanDlg.obj
 0001:00021710       ?VerifyLineIntegrateDuration@CLScanDlg@@IAEXXZ 67da2710 f   LScanDlg.obj
 0001:00021830       ?OnInternalLineTriggerEnable@CLScanDlg@@IAEXXZ 67da2830 f   LScanDlg.obj
 0001:000218c0       ?OnLineIntegrateEnable@CLScanDlg@@IAEXXZ 67da28c0 f   LScanDlg.obj
 0001:00021940       ?OnShaftEncoderEnable@CLScanDlg@@IAEXXZ 67da2940 f   LScanDlg.obj
 0001:00021b80       ??_ECLScanDlg@@WHE@AEPAXI@Z 67da2b80 f i LScanDlg.obj
 0001:00021b90       ??_GCLScanDlg@@UAEPAXI@Z   67da2b90 f i LScanDlg.obj
 0001:00021bd0       ??1CLScanDlg@@UAE@XZ       67da2bd0 f i LScanDlg.obj
 0001:00021c70       ??_ECLScanDlg@@UAEPAXI@Z   67da2c70 f i LScanDlg.obj
 0001:00021cf0       ??0CPixProAbsSubDlg@@QAE@PAVCWnd@@PAUCORPPL_FCT_PROP@@PAVSapPixProParams@@@Z 67da2cf0 f   PixProAbsSubDlg.obj
 0001:00021d70       ?DoDataExchange@CPixProAbsSubDlg@@MAEXPAVCDataExchange@@@Z 67da2d70 f   PixProAbsSubDlg.obj
 0001:00021da0       ?GetMessageMap@CPixProAbsSubDlg@@MBEPBUAFX_MSGMAP@@XZ 67da2da0 f   PixProAbsSubDlg.obj
 0001:00021dd0       ?GetThisMessageMap@CPixProAbsSubDlg@@KGPBUAFX_MSGMAP@@XZ 67da2dd0 f   PixProAbsSubDlg.obj
 0001:00021de0       ?OnInitDialog@CPixProAbsSubDlg@@MAEHXZ 67da2de0 f   PixProAbsSubDlg.obj
 0001:00021ea0       ?OnPixproSdramBank0@CPixProAbsSubDlg@@IAEXXZ 67da2ea0 f   PixProAbsSubDlg.obj
 0001:00021ec0       ?OnPixproSdramBank1@CPixProAbsSubDlg@@IAEXXZ 67da2ec0 f   PixProAbsSubDlg.obj
 0001:00021ee0       ?OnPixproAbsSub@CPixProAbsSubDlg@@IAEXXZ 67da2ee0 f   PixProAbsSubDlg.obj
 0001:00021f00       ?OnPixproRefImage@CPixProAbsSubDlg@@IAEXXZ 67da2f00 f   PixProAbsSubDlg.obj
 0001:00021f20       ?OnOK@CPixProAbsSubDlg@@MAEXXZ 67da2f20 f   PixProAbsSubDlg.obj
 0001:00021f90       ??_ECPixProAbsSubDlg@@UAEPAXI@Z 67da2f90 f i PixProAbsSubDlg.obj
 0001:00021f90       ??_GCPixProAbsSubDlg@@UAEPAXI@Z 67da2f90 f i PixProAbsSubDlg.obj
 0001:00021fd0       ??1CPixProAbsSubDlg@@UAE@XZ 67da2fd0 f i PixProAbsSubDlg.obj
 0001:00022000       ??0CPixProDlg@@QAE@PAVCWnd@@PAVSapPixPro@@PAVSapXferNode@@@Z 67da3000 f   PixProDlg.obj
 0001:000222b0       ?LoadSettings@CPixProDlg@@IAEXXZ 67da32b0 f   PixProDlg.obj
 0001:00022490       ?SaveSettings@CPixProDlg@@IAEXXZ 67da3490 f   PixProDlg.obj
 0001:00022570       ?SetDirectories@CPixProDlg@@IAEXXZ 67da3570 f   PixProDlg.obj
 0001:00022860       ?DoDataExchange@CPixProDlg@@MAEXPAVCDataExchange@@@Z 67da3860 f   PixProDlg.obj
 0001:00022920       ?GetMessageMap@CPixProDlg@@MBEPBUAFX_MSGMAP@@XZ 67da3920 f   PixProDlg.obj
 0001:00022950       ?GetThisMessageMap@CPixProDlg@@KGPBUAFX_MSGMAP@@XZ 67da3950 f   PixProDlg.obj
 0001:00022960       ?OnInitDialog@CPixProDlg@@MAEHXZ 67da3960 f   PixProDlg.obj
 0001:000229b0       ?OnBrowse@CPixProDlg@@IAEXXZ 67da39b0 f   PixProDlg.obj
 0001:00022ac0       ?OnOK@CPixProDlg@@MAEXXZ   67da3ac0 f   PixProDlg.obj
 0001:00022f70       ?OnKillfocusEditPath@CPixProDlg@@IAEXXZ 67da3f70 f   PixProDlg.obj
 0001:00023020       ?UpdateCurrentDir@CPixProDlg@@IAEXPAD@Z 67da4020 f   PixProDlg.obj
 0001:000230d0       ?UpdateNames@CPixProDlg@@IAEXXZ 67da40d0 f   PixProDlg.obj
 0001:00023440       ?UpdateBoxAvailability@CPixProDlg@@IAEXXZ 67da4440 f   PixProDlg.obj
 0001:00023500       ?OnSelchangeCombo@CPixProDlg@@IAEXXZ 67da4500 f   PixProDlg.obj
 0001:000235a0       ?FillFunctionCombo@CPixProDlg@@IAEXXZ 67da45a0 f   PixProDlg.obj
 0001:000238e0       ?OnSelchangeFunction@CPixProDlg@@IAEXXZ 67da48e0 f   PixProDlg.obj
 0001:00023b80       ??1CPixProRefImageDlg@@UAE@XZ 67da4b80 f i PixProDlg.obj
 0001:00023bb0       ??1CPixProUflowSubDlg@@UAE@XZ 67da4bb0 f i PixProDlg.obj
 0001:00023be0       ??1CPixProWAvgDlg@@UAE@XZ  67da4be0 f i PixProDlg.obj
 0001:00023c50       ??1CPixProIntScaleDlg@@UAE@XZ 67da4c50 f i PixProDlg.obj
 0001:00023cc0       ??_GCPixProDlg@@UAEPAXI@Z  67da4cc0 f i PixProDlg.obj
 0001:00023d00       ??1CPixProDlg@@UAE@XZ      67da4d00 f i PixProDlg.obj
 0001:00023dc0       ??_ECPixProDlg@@UAEPAXI@Z  67da4dc0 f i PixProDlg.obj
 0001:00023e40       ??0CPixProIntScaleDlg@@QAE@PAVCWnd@@PAUCORPPL_FCT_PROP@@PAVSapPixProParams@@@Z 67da4e40 f   PixProIntScaleDlg.obj
 0001:00023f20       ?DoDataExchange@CPixProIntScaleDlg@@MAEXPAVCDataExchange@@@Z 67da4f20 f   PixProIntScaleDlg.obj
 0001:00023f80       ?GetMessageMap@CPixProIntScaleDlg@@MBEPBUAFX_MSGMAP@@XZ 67da4f80 f   PixProIntScaleDlg.obj
 0001:00023fb0       ?GetThisMessageMap@CPixProIntScaleDlg@@KGPBUAFX_MSGMAP@@XZ 67da4fb0 f   PixProIntScaleDlg.obj
 0001:00023fc0       ?OnInitDialog@CPixProIntScaleDlg@@MAEHXZ 67da4fc0 f   PixProIntScaleDlg.obj
 0001:000240d0       ?OnPixproSdramBank0@CPixProIntScaleDlg@@IAEXXZ 67da50d0 f   PixProIntScaleDlg.obj
 0001:000240f0       ?OnPixproSdramBank1@CPixProIntScaleDlg@@IAEXXZ 67da50f0 f   PixProIntScaleDlg.obj
 0001:00024110       ?OnSelchangeCount@CPixProIntScaleDlg@@IAEXXZ 67da5110 f   PixProIntScaleDlg.obj
 0001:00024150       ?OnOK@CPixProIntScaleDlg@@MAEXXZ 67da5150 f   PixProIntScaleDlg.obj
 0001:000241e0       ??_ECPixProIntScaleDlg@@UAEPAXI@Z 67da51e0 f i PixProIntScaleDlg.obj
 0001:000241e0       ??_GCPixProIntScaleDlg@@UAEPAXI@Z 67da51e0 f i PixProIntScaleDlg.obj
 0001:00024220       ??0CPixProRefImageDlg@@QAE@PAVCWnd@@PAUCORPPL_FCT_PROP@@PAVSapPixProParams@@@Z 67da5220 f   PixProRefImageDlg.obj
 0001:00024290       ?DoDataExchange@CPixProRefImageDlg@@MAEXPAVCDataExchange@@@Z 67da5290 f   PixProRefImageDlg.obj
 0001:000242c0       ?GetMessageMap@CPixProRefImageDlg@@MBEPBUAFX_MSGMAP@@XZ 67da52c0 f   PixProRefImageDlg.obj
 0001:000242f0       ?GetThisMessageMap@CPixProRefImageDlg@@KGPBUAFX_MSGMAP@@XZ 67da52f0 f   PixProRefImageDlg.obj
 0001:00024300       ?OnInitDialog@CPixProRefImageDlg@@MAEHXZ 67da5300 f   PixProRefImageDlg.obj
 0001:000243b0       ?OnPixproSdramBank0@CPixProRefImageDlg@@IAEXXZ 67da53b0 f   PixProRefImageDlg.obj
 0001:000243d0       ?OnPixproSdramBank1@CPixProRefImageDlg@@IAEXXZ 67da53d0 f   PixProRefImageDlg.obj
 0001:000243f0       ?OnOK@CPixProRefImageDlg@@MAEXXZ 67da53f0 f   PixProRefImageDlg.obj
 0001:00024440       ??_ECPixProRefImageDlg@@UAEPAXI@Z 67da5440 f i PixProRefImageDlg.obj
 0001:00024440       ??_GCPixProRefImageDlg@@UAEPAXI@Z 67da5440 f i PixProRefImageDlg.obj
 0001:00024480       ??0CPixProUflowSubDlg@@QAE@PAVCWnd@@PAUCORPPL_FCT_PROP@@PAVSapPixProParams@@@Z 67da5480 f   PixProUflowSubDlg.obj
 0001:00024500       ?DoDataExchange@CPixProUflowSubDlg@@MAEXPAVCDataExchange@@@Z 67da5500 f   PixProUflowSubDlg.obj
 0001:00024530       ?GetMessageMap@CPixProUflowSubDlg@@MBEPBUAFX_MSGMAP@@XZ 67da5530 f   PixProUflowSubDlg.obj
 0001:00024560       ?GetThisMessageMap@CPixProUflowSubDlg@@KGPBUAFX_MSGMAP@@XZ 67da5560 f   PixProUflowSubDlg.obj
 0001:00024570       ?OnInitDialog@CPixProUflowSubDlg@@MAEHXZ 67da5570 f   PixProUflowSubDlg.obj
 0001:00024630       ?OnPixproSdramBank0@CPixProUflowSubDlg@@IAEXXZ 67da5630 f   PixProUflowSubDlg.obj
 0001:00024650       ?OnPixproSdramBank1@CPixProUflowSubDlg@@IAEXXZ 67da5650 f   PixProUflowSubDlg.obj
 0001:00024670       ?OnPixproUflowSub@CPixProUflowSubDlg@@IAEXXZ 67da5670 f   PixProUflowSubDlg.obj
 0001:00024690       ?OnPixproRefImage@CPixProUflowSubDlg@@IAEXXZ 67da5690 f   PixProUflowSubDlg.obj
 0001:000246b0       ?OnOK@CPixProUflowSubDlg@@MAEXXZ 67da56b0 f   PixProUflowSubDlg.obj
 0001:00024720       ??_GCPixProUflowSubDlg@@UAEPAXI@Z 67da5720 f i PixProUflowSubDlg.obj
 0001:00024720       ??_ECPixProUflowSubDlg@@UAEPAXI@Z 67da5720 f i PixProUflowSubDlg.obj
 0001:00024760       ??0CPixProWAvgDlg@@QAE@PAVCWnd@@PAUCORPPL_FCT_PROP@@PAVSapPixProParams@@@Z 67da5760 f   PixProWAvgDlg.obj
 0001:00024840       ?DoDataExchange@CPixProWAvgDlg@@MAEXPAVCDataExchange@@@Z 67da5840 f   PixProWAvgDlg.obj
 0001:00024880       ?GetMessageMap@CPixProWAvgDlg@@MBEPBUAFX_MSGMAP@@XZ 67da5880 f   PixProWAvgDlg.obj
 0001:000248b0       ?GetThisMessageMap@CPixProWAvgDlg@@KGPBUAFX_MSGMAP@@XZ 67da58b0 f   PixProWAvgDlg.obj
 0001:000248c0       ?OnInitDialog@CPixProWAvgDlg@@MAEHXZ 67da58c0 f   PixProWAvgDlg.obj
 0001:00024a00       ?OnPixproSdramBank0@CPixProWAvgDlg@@IAEXXZ 67da5a00 f   PixProWAvgDlg.obj
 0001:00024a20       ?OnPixproSdramBank1@CPixProWAvgDlg@@IAEXXZ 67da5a20 f   PixProWAvgDlg.obj
 0001:00024a40       ?OnPixproWeightedAvg@CPixProWAvgDlg@@IAEXXZ 67da5a40 f   PixProWAvgDlg.obj
 0001:00024a60       ?OnPixproRefImage@CPixProWAvgDlg@@IAEXXZ 67da5a60 f   PixProWAvgDlg.obj
 0001:00024a80       ?OnSelchangeFactor@CPixProWAvgDlg@@IAEXXZ 67da5a80 f   PixProWAvgDlg.obj
 0001:00024ac0       ?OnOK@CPixProWAvgDlg@@MAEXXZ 67da5ac0 f   PixProWAvgDlg.obj
 0001:00024b50       ??_GCPixProWAvgDlg@@UAEPAXI@Z 67da5b50 f i PixProWAvgDlg.obj
 0001:00024b50       ??_ECPixProWAvgDlg@@UAEPAXI@Z 67da5b50 f i PixProWAvgDlg.obj
 0001:00024b90       ??0CRawFileDlg@@QAE@PAVCWnd@@HHHH@Z 67da5b90 f   RawFileDlg.obj
 0001:00024ca0       ?DoDataExchange@CRawFileDlg@@MAEXPAVCDataExchange@@@Z 67da5ca0 f   RawFileDlg.obj
 0001:00024d30       ?GetMessageMap@CRawFileDlg@@MBEPBUAFX_MSGMAP@@XZ 67da5d30 f   RawFileDlg.obj
 0001:00024d60       ?GetThisMessageMap@CRawFileDlg@@KGPBUAFX_MSGMAP@@XZ 67da5d60 f   RawFileDlg.obj
 0001:00024d70       ?OnOK@CRawFileDlg@@MAEXXZ  67da5d70 f   RawFileDlg.obj
 0001:00024e40       ?OnInitDialog@CRawFileDlg@@MAEHXZ 67da5e40 f   RawFileDlg.obj
 0001:00024f40       ?OnSelchangeComboFormat@CRawFileDlg@@IAEXXZ 67da5f40 f   RawFileDlg.obj
 0001:00024fa0       ??_ECRawFileDlg@@UAEPAXI@Z 67da5fa0 f i RawFileDlg.obj
 0001:00024fa0       ??_GCRawFileDlg@@UAEPAXI@Z 67da5fa0 f i RawFileDlg.obj
 0001:00024fe0       _ExtRawDllMain@12          67da5fe0 f   SapClassGui.obj
 0001:00025050       ?SapClassGuiInitModule@@YAXXZ 67da6050 f   SapClassGui.obj
 0001:000250f0       _DllMain@12                67da60f0 f   SapClassGui.obj
 0001:000251e0       ??B?$CTypedSimpleList@PAUCRuntimeClass@@@@QAEPAUCRuntimeClass@@XZ 67da61e0 f i SapClassGui.obj
 0001:00025210       ??B?$CTypedSimpleList@PAVCOleObjectFactory@@@@QAEPAVCOleObjectFactory@@XZ 67da6210 f i SapClassGui.obj
 0001:00025240       ??0CTraceFileAndLineInfo@ATL@@QAE@PBDH@Z 67da6240 f i SapClassGui.obj
 0001:00025270       ??RCTraceFileAndLineInfo@ATL@@QBAXPBDZZ 67da6270 f i SapClassGui.obj
 0001:000252d0       ?TraceV@CTrace@ATL@@QBAXPBDHKI0PAD@Z 67da62d0 f i SapClassGui.obj
 0001:00025310       ??BCTraceCategory@ATL@@QBEKXZ 67da6310 f i SapClassGui.obj
 0001:00025330       ?GetHead@CSimpleList@@QBEPAXXZ 67da6330 f i SapClassGui.obj
 0001:00025350       ?_AfxInitManaged@@YAHXZ    67da6350 f i SapClassGui.obj
 0001:00025360       ??0CImageWnd@@QAE@ABV0@@Z  67da6360 f i SapClassGui.obj
 0001:00025450       ??4CImageWnd@@QAEAAV0@ABV0@@Z 67da6450 f i SapClassGui.obj
 0001:00025530       ??_GCImageWnd@@UAEPAXI@Z   67da6530 f i SapClassGui.obj
 0001:00025570       ??0CSapRectTracker@@QAE@ABV0@@Z 67da6570 f i SapClassGui.obj
 0001:000255d0       ??4CSapRectTracker@@QAEAAV0@ABV0@@Z 67da65d0 f i SapClassGui.obj
 0001:00025620       ??0CRectTracker@@QAE@ABV0@@Z 67da6620 f i SapClassGui.obj
 0001:000256f0       ??4CRectTracker@@QAEAAV0@ABV0@@Z 67da66f0 f i SapClassGui.obj
 0001:000257b0       ??_GCRectTracker@@UAEPAXI@Z 67da67b0 f i SapClassGui.obj
 0001:000257b0       ??_ECRectTracker@@UAEPAXI@Z 67da67b0 f i SapClassGui.obj
 0001:000257f0       ?GetBuffer@CBufDlg@@QAEAAVSapBuffer@@XZ 67da67f0 f i SapClassGui.obj
 0001:00025810       ?GetConfigFile@CAcqConfigDlg@@QAEPADXZ 67da6810 f i SapClassGui.obj
 0001:00025850       ?GetServerCategory@CAcqConfigDlg@@QAE?AW4ServerCategory@1@XZ 67da6850 f i SapClassGui.obj
 0001:00025870       ?GetAcquisition@CAcqConfigDlg@@QAEAAVSapAcquisition@@XZ 67da6870 f i SapClassGui.obj
 0001:00025890       ??1CViewDlg@@UAE@XZ        67da6890 f i SapClassGui.obj
 0001:00025930       ??_FCViewDlg@@QAEXXZ       67da6930 f i SapClassGui.obj
 0001:00025960       ?GetType@CLoadSaveDlg@@QAEHXZ 67da6960 f i SapClassGui.obj
 0001:00025980       ?GetOptions@CLoadSaveDlg@@QAE?AV?$CStringT@DV?$StrTraitMFC_DLL@DV?$ChTraitsCRT@D@ATL@@@@@ATL@@XZ 67da6980 f i SapClassGui.obj
 0001:000259e0       ?GetStartFrame@CLoadSaveDlg@@QAEHXZ 67da69e0 f i SapClassGui.obj
 0001:00025a00       ?GetRawFileWidth@CLoadSaveDlg@@QAEHXZ 67da6a00 f i SapClassGui.obj
 0001:00025a20       ?GetRawFileHeight@CLoadSaveDlg@@QAEHXZ 67da6a20 f i SapClassGui.obj
 0001:00025a40       ?GetRawFileOffset@CLoadSaveDlg@@QAEHXZ 67da6a40 f i SapClassGui.obj
 0001:00025a60       ?GetRawFileFormat@CLoadSaveDlg@@QAEHXZ 67da6a60 f i SapClassGui.obj
 0001:00025a80       ?GetCab@CCabDlg@@QAEAAVSapCab@@XZ 67da6a80 f i SapClassGui.obj
 0001:00025aa0       ?GetAcquisition@CCamVicDlg@@QAEAAVSapAcquisition@@XZ 67da6aa0 f i SapClassGui.obj
 0001:00025ac0       ?GetPixPro@CPixProDlg@@QAEAAVSapPixPro@@XZ 67da6ac0 f i SapClassGui.obj
 0001:00025ae0       ??0Thank_you@Define_the_symbol__ATL_MIXED@@QAE@XZ 67da6ae0 f i SapClassGui.obj
 0001:00025b00       ?one@Thank_you@Define_the_symbol__ATL_MIXED@@UAEXXZ 67da6b00 f i SapClassGui.obj
 0001:00025b20       ??0CTiffFileDlg@@QAE@PAVCWnd@@HH@Z 67da6b20 f   TiffFileDlg.obj
 0001:00025be0       ?DoDataExchange@CTiffFileDlg@@MAEXPAVCDataExchange@@@Z 67da6be0 f   TiffFileDlg.obj
 0001:00025c50       ?GetMessageMap@CTiffFileDlg@@MBEPBUAFX_MSGMAP@@XZ 67da6c50 f   TiffFileDlg.obj
 0001:00025c80       ?GetThisMessageMap@CTiffFileDlg@@KGPBUAFX_MSGMAP@@XZ 67da6c80 f   TiffFileDlg.obj
 0001:00025c90       ?OnVScroll@CTiffFileDlg@@IAEXIIPAVCScrollBar@@@Z 67da6c90 f   TiffFileDlg.obj
 0001:00025d30       ?OnUpdateTiffEditCompressionLevel@CTiffFileDlg@@IAEXXZ 67da6d30 f   TiffFileDlg.obj
 0001:00025d60       ?OnOK@CTiffFileDlg@@MAEXXZ 67da6d60 f   TiffFileDlg.obj
 0001:00025dc0       ??_GCTiffFileDlg@@UAEPAXI@Z 67da6dc0 f i TiffFileDlg.obj
 0001:00025dc0       ??_ECTiffFileDlg@@UAEPAXI@Z 67da6dc0 f i TiffFileDlg.obj
 0001:00025e00       ?DoDataExchange@CViewDlg@@MAEXPAVCDataExchange@@@Z 67da6e00 f   ViewDlg.obj
 0001:00025fc0       ?GetMessageMap@CViewDlg@@MBEPBUAFX_MSGMAP@@XZ 67da6fc0 f   ViewDlg.obj
 0001:00025ff0       ?GetThisMessageMap@CViewDlg@@KGPBUAFX_MSGMAP@@XZ 67da6ff0 f   ViewDlg.obj
 0001:00026000       ??0CViewDlg@@QAE@PAVCWnd@@PAVSapView@@@Z 67da7000 f   ViewDlg.obj
 0001:00026350       ?OnInitDialog@CViewDlg@@MAEHXZ 67da7350 f   ViewDlg.obj
 0001:00026470       ?LoadSettings@CViewDlg@@IAEXXZ 67da7470 f   ViewDlg.obj
 0001:000264b0       ?SaveSettings@CViewDlg@@IAEXXZ 67da74b0 f   ViewDlg.obj
 0001:000264f0       ?OnUpdateEditViewRange@CViewDlg@@IAEXXZ 67da74f0 f   ViewDlg.obj
 0001:00026580       ?OnHScroll@CViewDlg@@IAEXIIPAVCScrollBar@@@Z 67da7580 f   ViewDlg.obj
 0001:00026670       ?SetRange@CViewDlg@@IAEXXZ 67da7670 f   ViewDlg.obj
 0001:000266f0       ?OnUpdateScaleHeight@CViewDlg@@IAEXXZ 67da76f0 f   ViewDlg.obj
 0001:00026830       ?OnUpdateScaleHeightFactor@CViewDlg@@IAEXXZ 67da7830 f   ViewDlg.obj
 0001:00026990       ?OnUpdateScaleWidth@CViewDlg@@IAEXXZ 67da7990 f   ViewDlg.obj
 0001:00026ad0       ?OnUpdateScaleWidthFactor@CViewDlg@@IAEXXZ 67da7ad0 f   ViewDlg.obj
 0001:00026c30       ?OnDeltaposSpinScaleHeight@CViewDlg@@IAEXPAUtagNMHDR@@PAJ@Z 67da7c30 f   ViewDlg.obj
 0001:00026dd0       ?OnDeltaposSpinScaleHeightFactor@CViewDlg@@IAEXPAUtagNMHDR@@PAJ@Z 67da7dd0 f   ViewDlg.obj
 0001:00026fa0       ?OnDeltaposSpinScaleWidth@CViewDlg@@IAEXPAUtagNMHDR@@PAJ@Z 67da7fa0 f   ViewDlg.obj
 0001:00027140       ?OnDeltaposSpinScaleWidthFactor@CViewDlg@@IAEXPAUtagNMHDR@@PAJ@Z 67da8140 f   ViewDlg.obj
 0001:00027310       ?OnLockAspectRatio@CViewDlg@@IAEXXZ 67da8310 f   ViewDlg.obj
 0001:00027400       ?OnScalingNone@CViewDlg@@IAEXXZ 67da8400 f   ViewDlg.obj
 0001:00027550       ?OnScalingFitToWindow@CViewDlg@@IAEXXZ 67da8550 f   ViewDlg.obj
 0001:000278a0       ?OnOK@CViewDlg@@MAEXXZ     67da88a0 f   ViewDlg.obj
 0001:00027940       ?OnCancel@CViewDlg@@MAEXXZ 67da8940 f   ViewDlg.obj
 0001:00027980       ?floor@@YAMM@Z             67da8980 f i ViewDlg.obj
 0001:000279a0       _floorf                    67da89a0 f i ViewDlg.obj
 0001:000279e0       ??_GCViewDlg@@UAEPAXI@Z    67da89e0 f i ViewDlg.obj
 0001:00027a20       ??_ECViewDlg@@UAEPAXI@Z    67da8a20 f i ViewDlg.obj
 0001:00027a9c       _CorAcqGetCap@12           67da8a9c f   Corapi:CORAPI.dll
 0001:00027aa2       _CorCabSetPrm@12           67da8aa2 f   Corapi:CORAPI.dll
 0001:00027aa8       ??1SapAcquisition@@UAE@XZ  67da8aa8 f   SapClassBasic:SapClassBasic74.dll
 0001:00027aae       ??1SapManager@@UAE@XZ      67da8aae f   SapClassBasic:SapClassBasic74.dll
 0001:00027ab4       ??0SapAcquisition@@QAE@VSapLocation@@@Z 67da8ab4 f   SapClassBasic:SapClassBasic74.dll
 0001:00027aba       ??0SapLocation@@QAE@HH@Z   67da8aba f   SapClassBasic:SapClassBasic74.dll
 0001:00027ac0       ??0SapManager@@QAE@XZ      67da8ac0 f   SapClassBasic:SapClassBasic74.dll
 0001:00027ac6       ??1SapLocation@@UAE@XZ     67da8ac6 f   SapClassBasic:SapClassBasic74.dll
 0001:00027acc       ?GetResourceIndex@SapLocation@@QBEHXZ 67da8acc f   SapClassBasic:SapClassBasic74.dll
 0001:00027ad2       ?GetServerName@SapManager@@SAHVSapLocation@@PADH@Z 67da8ad2 f   SapClassBasic:SapClassBasic74.dll
 0001:00027ad8       ??0SapLocation@@QAE@ABV0@@Z 67da8ad8 f   SapClassBasic:SapClassBasic74.dll
 0001:00027ade       ?GetConfigFile@SapAcquisition@@QBEPBDXZ 67da8ade f   SapClassBasic:SapClassBasic74.dll
 0001:00027ae4       ?GetLocation@SapXferNode@@QBE?AVSapLocation@@XZ 67da8ae4 f   SapClassBasic:SapClassBasic74.dll
 0001:00027aea       ??4SapAcquisition@@QAEAAV0@ABV0@@Z 67da8aea f   SapClassBasic:SapClassBasic74.dll
 0001:00027af0       ??0SapLocation@@QAE@PBDH@Z 67da8af0 f   SapClassBasic:SapClassBasic74.dll
 0001:00027af6       ?SetLocation@SapXferNode@@QAEHVSapLocation@@@Z 67da8af6 f   SapClassBasic:SapClassBasic74.dll
 0001:00027afc       ?GetServerName@SapManager@@SAHHPADH@Z 67da8afc f   SapClassBasic:SapClassBasic74.dll
 0001:00027b02       ?GetResourceCount@SapManager@@SAHHH@Z 67da8b02 f   SapClassBasic:SapClassBasic74.dll
 0001:00027b08       ?GetServerCount@SapManager@@SAHXZ 67da8b08 f   SapClassBasic:SapClassBasic74.dll
 0001:00027b0e       ?IsResourceAvailable@SapManager@@SAHPBDHH@Z 67da8b0e f   SapClassBasic:SapClassBasic74.dll
 0001:00027b14       ?GetResourceName@SapManager@@SAHPBDHHPADH@Z 67da8b14 f   SapClassBasic:SapClassBasic74.dll
 0001:00027b1a       ?GetResourceCount@SapManager@@SAHPBDH@Z 67da8b1a f   SapClassBasic:SapClassBasic74.dll
 0001:00027b20       ?GetResourceCount@SapManager@@SAHVSapLocation@@H@Z 67da8b20 f   SapClassBasic:SapClassBasic74.dll
 0001:00027b26       ?DisplayStatus@SapManager@@SAIPBDI@Z 67da8b26 f   SapClassBasic:SapClassBasic74.dll
 0001:00027b2c       ??1SapDataFRGB@@UAE@XZ     67da8b2c f   SapClassBasic:SapClassBasic74.dll
 0001:00027b32       ?IsEnabled@SapBayer@@QBEHXZ 67da8b32 f   SapClassBasic:SapClassBasic74.dll
 0001:00027b38       ?IsLutEnabled@SapBayer@@QBEHXZ 67da8b38 f   SapClassBasic:SapClassBasic74.dll
 0001:00027b3e       ?GetGamma@SapBayer@@QBEMXZ 67da8b3e f   SapClassBasic:SapClassBasic74.dll
 0001:00027b44       ?Blue@SapDataFRGB@@QAEMXZ  67da8b44 f   SapClassBasic:SapClassBasic74.dll
 0001:00027b4a       ?Green@SapDataFRGB@@QAEMXZ 67da8b4a f   SapClassBasic:SapClassBasic74.dll
 0001:00027b50       ?Red@SapDataFRGB@@QAEMXZ   67da8b50 f   SapClassBasic:SapClassBasic74.dll
 0001:00027b56       ?GetWBGain@SapBayer@@QBE?AVSapDataFRGB@@XZ 67da8b56 f   SapClassBasic:SapClassBasic74.dll
 0001:00027b5c       ?GetMethod@SapBayer@@QBEHXZ 67da8b5c f   SapClassBasic:SapClassBasic74.dll
 0001:00027b62       ?GetAlign@SapBayer@@QBEHXZ 67da8b62 f   SapClassBasic:SapClassBasic74.dll
 0001:00027b68       ?GetAvailMethod@SapBayer@@QBEHXZ 67da8b68 f   SapClassBasic:SapClassBasic74.dll
 0001:00027b6e       ?GetAvailAlign@SapBayer@@QBEHXZ 67da8b6e f   SapClassBasic:SapClassBasic74.dll
 0001:00027b74       ?IsSoftware@SapBayer@@QBEHXZ 67da8b74 f   SapClassBasic:SapClassBasic74.dll
 0001:00027b7a       ??0SapDataFRGB@@QAE@MMM@Z  67da8b7a f   SapClassBasic:SapClassBasic74.dll
 0001:00027b80       ??BSapManager@@QBEHXZ      67da8b80 f   SapClassBasic:SapClassBasic74.dll
 0001:00027b86       ??1SapBuffer@@UAE@XZ       67da8b86 f   SapClassBasic:SapClassBasic74.dll
 0001:00027b8c       ?IsBufferTypeSupported@SapBuffer@@SAHVSapLocation@@H@Z 67da8b8c f   SapClassBasic:SapClassBasic74.dll
 0001:00027b92       ??4SapLocation@@QAEAAV0@ABV0@@Z 67da8b92 f   SapClassBasic:SapClassBasic74.dll
 0001:00027b98       ?GetSrcNode@SapXferNode@@QBEPAV1@XZ 67da8b98 f   SapClassBasic:SapClassBasic74.dll
 0001:00027b9e       ?GetPixelDepth@SapBuffer@@QBEHXZ 67da8b9e f   SapClassBasic:SapClassBasic74.dll
 0001:00027ba4       ?GetType@SapBuffer@@QBEHXZ 67da8ba4 f   SapClassBasic:SapClassBasic74.dll
 0001:00027baa       ?GetFormat@SapBuffer@@QBEHXZ 67da8baa f   SapClassBasic:SapClassBasic74.dll
 0001:00027bb0       ?GetHeight@SapBuffer@@QBEHXZ 67da8bb0 f   SapClassBasic:SapClassBasic74.dll
 0001:00027bb6       ?GetWidth@SapBuffer@@QBEHXZ 67da8bb6 f   SapClassBasic:SapClassBasic74.dll
 0001:00027bbc       ??0SapLocation@@QAE@XZ     67da8bbc f   SapClassBasic:SapClassBasic74.dll
 0001:00027bc2       ??0SapBuffer@@QAE@HHHHHVSapLocation@@@Z 67da8bc2 f   SapClassBasic:SapClassBasic74.dll
 0001:00027bc8       ?GetPixelDepthMax@SapManager@@SAHH@Z 67da8bc8 f   SapClassBasic:SapClassBasic74.dll
 0001:00027bce       ?GetPixelDepthMin@SapManager@@SAHH@Z 67da8bce f   SapClassBasic:SapClassBasic74.dll
 0001:00027bd4       ??0SapCab@@QAE@VSapLocation@@PAVSapXferNode@@@Z 67da8bd4 f   SapClassBasic:SapClassBasic74.dll
 0001:00027bda       ??0SapLocation@@QAE@ABV0@H@Z 67da8bda f   SapClassBasic:SapClassBasic74.dll
 0001:00027be0       ?Create@SapCab@@UAEHXZ     67da8be0 f   SapClassBasic:SapClassBasic74.dll
 0001:00027be6       ?Destroy@SapCab@@UAEHXZ    67da8be6 f   SapClassBasic:SapClassBasic74.dll
 0001:00027bec       ?GetXferParams@SapCab@@UBE?AVSapXferParams@@H@Z 67da8bec f   SapClassBasic:SapClassBasic74.dll
 0001:00027bf2       ?GetInputXferParams@SapCab@@UBE?AVSapXferParams@@H@Z 67da8bf2 f   SapClassBasic:SapClassBasic74.dll
 0001:00027bf8       ?GetOutputXferParams@SapCab@@UBE?AVSapXferParams@@H@Z 67da8bf8 f   SapClassBasic:SapClassBasic74.dll
 0001:00027bfe       ?SetSrcNode@SapXferNode@@UAEHPAV1@H@Z 67da8bfe f   SapClassBasic:SapClassBasic74.dll
 0001:00027c04       ?SetXferParams@SapCab@@UAEHVSapXferParams@@H@Z 67da8c04 f   SapClassBasic:SapClassBasic74.dll
 0001:00027c0a       ?SetInputXferParams@SapCab@@UAEHVSapXferParams@@H@Z 67da8c0a f   SapClassBasic:SapClassBasic74.dll
 0001:00027c10       ?SetOutputXferParams@SapCab@@UAEHVSapXferParams@@H@Z 67da8c10 f   SapClassBasic:SapClassBasic74.dll
 0001:00027c16       ?GetHandle@SapXferNode@@UBEPAU__CORHANDLE@@H@Z 67da8c16 f   SapClassBasic:SapClassBasic74.dll
 0001:00027c1c       ?GetHandle@SapXferNode@@UBEPAU__CORHANDLE@@XZ 67da8c1c f   SapClassBasic:SapClassBasic74.dll
 0001:00027c22       ?GetXferParamsFromSrcNode@SapXferNode@@UAEXXZ 67da8c22 f   SapClassBasic:SapClassBasic74.dll
 0001:00027c28       ?GetXferNodeType@SapCab@@UAE?AW4XferNodeType@SapXferNode@@XZ 67da8c28 f   SapClassBasic:SapClassBasic74.dll
 0001:00027c2e       ?IsBuffer@SapXferNode@@UAEHXZ 67da8c2e f   SapClassBasic:SapClassBasic74.dll
 0001:00027c34       ??ASapXferNode@@UBEPAU__CORHANDLE@@H@Z 67da8c34 f   SapClassBasic:SapClassBasic74.dll
 0001:00027c3a       ?GetCount@SapXferNode@@UBEHXZ 67da8c3a f   SapClassBasic:SapClassBasic74.dll
 0001:00027c40       ?GetIndex@SapXferNode@@UBEHXZ 67da8c40 f   SapClassBasic:SapClassBasic74.dll
 0001:00027c46       ?SetIndex@SapXferNode@@UAEHH@Z 67da8c46 f   SapClassBasic:SapClassBasic74.dll
 0001:00027c4c       ?ResetIndex@SapXferNode@@UAEXXZ 67da8c4c f   SapClassBasic:SapClassBasic74.dll
 0001:00027c52       ?Next@SapXferNode@@UAEXXZ  67da8c52 f   SapClassBasic:SapClassBasic74.dll
 0001:00027c58       ?GetTrash@SapXferNode@@UBEPAU__CORHANDLE@@XZ 67da8c58 f   SapClassBasic:SapClassBasic74.dll
 0001:00027c5e       ?Empty@SapXferNode@@UAEHH@Z 67da8c5e f   SapClassBasic:SapClassBasic74.dll
 0001:00027c64       ?Empty@SapXferNode@@UAEHXZ 67da8c64 f   SapClassBasic:SapClassBasic74.dll
 0001:00027c6a       ?EmptyAll@SapXferNode@@UAEHXZ 67da8c6a f   SapClassBasic:SapClassBasic74.dll
 0001:00027c70       ?GetCapability@SapCab@@UAEHHPAX@Z 67da8c70 f   SapClassBasic:SapClassBasic74.dll
 0001:00027c76       ?GetParameter@SapCab@@UAEHHPAX@Z 67da8c76 f   SapClassBasic:SapClassBasic74.dll
 0001:00027c7c       ?SetParameter@SapCab@@UAEHHPAX@Z 67da8c7c f   SapClassBasic:SapClassBasic74.dll
 0001:00027c82       ?SetParameter@SapCab@@UAEHHH@Z 67da8c82 f   SapClassBasic:SapClassBasic74.dll
 0001:00027c88       ?Construct@SapCab@@MAEXHHPBH@Z 67da8c88 f   SapClassBasic:SapClassBasic74.dll
 0001:00027c8e       ??1SapCab@@UAE@XZ          67da8c8e f   SapClassBasic:SapClassBasic74.dll
 0001:00027c94       ?GetVicFile@SapAcquisition@@QBEPBDXZ 67da8c94 f   SapClassBasic:SapClassBasic74.dll
 0001:00027c9a       ?GetCamFile@SapAcquisition@@QBEPBDXZ 67da8c9a f   SapClassBasic:SapClassBasic74.dll
 0001:00027ca0       ?Destroy@SapFeature@@UAEHXZ 67da8ca0 f   SapClassBasic:SapClassBasic74.dll
 0001:00027ca6       ?GetDisplayName@SapFeature@@QAEHPADH@Z 67da8ca6 f   SapClassBasic:SapClassBasic74.dll
 0001:00027cac       ?GetFeatureInfo@SapAcqDevice@@QAEHPBDPAVSapFeature@@@Z 67da8cac f   SapClassBasic:SapClassBasic74.dll
 0001:00027cb2       ?GetFileNameByIndex@SapAcqDevice@@QAEHHPADH@Z 67da8cb2 f   SapClassBasic:SapClassBasic74.dll
 0001:00027cb8       ?GetFileCount@SapAcqDevice@@QAEHPAH@Z 67da8cb8 f   SapClassBasic:SapClassBasic74.dll
 0001:00027cbe       ??1SapFeature@@UAE@XZ      67da8cbe f   SapClassBasic:SapClassBasic74.dll
 0001:00027cc4       ?GetFeatureValue@SapAcqDevice@@QAEHPBDPADH@Z 67da8cc4 f   SapClassBasic:SapClassBasic74.dll
 0001:00027cca       ?IsFeatureAvailable@SapAcqDevice@@QAEHPBDPAH@Z 67da8cca f   SapClassBasic:SapClassBasic74.dll
 0001:00027cd0       ?Create@SapFeature@@UAEHXZ 67da8cd0 f   SapClassBasic:SapClassBasic74.dll
 0001:00027cd6       ??0SapFeature@@QAE@VSapLocation@@@Z 67da8cd6 f   SapClassBasic:SapClassBasic74.dll
 0001:00027cdc       ?GetAcqDevice@SapFlatField@@QBEPAVSapAcqDevice@@XZ 67da8cdc f   SapClassBasic:SapClassBasic74.dll
 0001:00027ce2       ?GetNumFlatField@SapFlatField@@QBEHXZ 67da8ce2 f   SapClassBasic:SapClassBasic74.dll
 0001:00027ce8       ?GetBlackPixelPercentage@SapFlatField@@QBEMXZ 67da8ce8 f   SapClassBasic:SapClassBasic74.dll
 0001:00027cee       ?IsClippedGainOffsetDefects@SapFlatField@@QBEHXZ 67da8cee f   SapClassBasic:SapClassBasic74.dll
 0001:00027cf4       ?GetIndex@SapFlatField@@QBEHXZ 67da8cf4 f   SapClassBasic:SapClassBasic74.dll
 0001:00027cfa       ?GetDeviationMaxWhite@SapFlatField@@QBEHXZ 67da8cfa f   SapClassBasic:SapClassBasic74.dll
 0001:00027d00       ?GetDeviationMaxBlack@SapFlatField@@QBEHXZ 67da8d00 f   SapClassBasic:SapClassBasic74.dll
 0001:00027d06       ?GetGainDivisor@SapFlatField@@QBEHXZ 67da8d06 f   SapClassBasic:SapClassBasic74.dll
 0001:00027d0c       ?GetVerticalOffset@SapFlatField@@QBEHXZ 67da8d0c f   SapClassBasic:SapClassBasic74.dll
 0001:00027d12       ?GetNumFramesAverage@SapFlatField@@QBEHXZ 67da8d12 f   SapClassBasic:SapClassBasic74.dll
 0001:00027d18       ?GetNumLinesAverage@SapFlatField@@QBEHXZ 67da8d18 f   SapClassBasic:SapClassBasic74.dll
 0001:00027d1e       ?GetVideoType@SapFlatField@@QBE?AW4VideoType@SapAcquisition@@XZ 67da8d1e f   SapClassBasic:SapClassBasic74.dll
 0001:00027d24       ?GetCorrectionType@SapFlatField@@QBE?AW4CorrectionType@1@XZ 67da8d24 f   SapClassBasic:SapClassBasic74.dll
 0001:00027d2a       ?GetOffsetMinMax@SapFlatField@@QAEXPAH0@Z 67da8d2a f   SapClassBasic:SapClassBasic74.dll
 0001:00027d30       ?Load@SapBuffer@@UAEHPBD0HH@Z 67da8d30 f   SapClassBasic:SapClassBasic74.dll
 0001:00027d36       ?Create@SapBuffer@@UAEHXZ  67da8d36 f   SapClassBasic:SapClassBasic74.dll
 0001:00027d3c       ??0SapBuffer@@QAE@PBDHVSapLocation@@@Z 67da8d3c f   SapClassBasic:SapClassBasic74.dll
 0001:00027d42       ??0SapBuffer@@QAE@HPAVSapXferNode@@HVSapLocation@@@Z 67da8d42 f   SapClassBasic:SapClassBasic74.dll
 0001:00027d48       ?Destroy@SapBuffer@@UAEHXZ 67da8d48 f   SapClassBasic:SapClassBasic74.dll
 0001:00027d4e       ?GetXferParams@SapXferNode@@UBE?AVSapXferParams@@H@Z 67da8d4e f   SapClassBasic:SapClassBasic74.dll
 0001:00027d54       ?GetInputXferParams@SapXferNode@@UBE?AVSapXferParams@@H@Z 67da8d54 f   SapClassBasic:SapClassBasic74.dll
 0001:00027d5a       ?GetOutputXferParams@SapXferNode@@UBE?AVSapXferParams@@H@Z 67da8d5a f   SapClassBasic:SapClassBasic74.dll
 0001:00027d60       ?SetXferParams@SapXferNode@@UAEHVSapXferParams@@H@Z 67da8d60 f   SapClassBasic:SapClassBasic74.dll
 0001:00027d66       ?SetInputXferParams@SapXferNode@@UAEHVSapXferParams@@H@Z 67da8d66 f   SapClassBasic:SapClassBasic74.dll
 0001:00027d6c       ?SetOutputXferParams@SapXferNode@@UAEHVSapXferParams@@H@Z 67da8d6c f   SapClassBasic:SapClassBasic74.dll
 0001:00027d72       ?GetHandle@SapBuffer@@UBEPAU__CORHANDLE@@H@Z 67da8d72 f   SapClassBasic:SapClassBasic74.dll
 0001:00027d78       ?GetHandle@SapBuffer@@UBEPAU__CORHANDLE@@XZ 67da8d78 f   SapClassBasic:SapClassBasic74.dll
 0001:00027d7e       ?GetXferNodeType@SapBuffer@@UAE?AW4XferNodeType@SapXferNode@@XZ 67da8d7e f   SapClassBasic:SapClassBasic74.dll
 0001:00027d84       ??ASapBuffer@@UBEPAU__CORHANDLE@@H@Z 67da8d84 f   SapClassBasic:SapClassBasic74.dll
 0001:00027d8a       ?GetCount@SapBuffer@@UBEHXZ 67da8d8a f   SapClassBasic:SapClassBasic74.dll
 0001:00027d90       ?GetIndex@SapBuffer@@UBEHXZ 67da8d90 f   SapClassBasic:SapClassBasic74.dll
 0001:00027d96       ?SetIndex@SapBuffer@@UAEHH@Z 67da8d96 f   SapClassBasic:SapClassBasic74.dll
 0001:00027d9c       ?ResetIndex@SapBuffer@@UAEXXZ 67da8d9c f   SapClassBasic:SapClassBasic74.dll
 0001:00027da2       ?Next@SapBuffer@@UAEXXZ    67da8da2 f   SapClassBasic:SapClassBasic74.dll
 0001:00027da8       ?GetTrash@SapBuffer@@UBEPAU__CORHANDLE@@XZ 67da8da8 f   SapClassBasic:SapClassBasic74.dll
 0001:00027dae       ?Empty@SapBuffer@@UAEHH@Z  67da8dae f   SapClassBasic:SapClassBasic74.dll
 0001:00027db4       ?Empty@SapBuffer@@UAEHXZ   67da8db4 f   SapClassBasic:SapClassBasic74.dll
 0001:00027dba       ?EmptyAll@SapBuffer@@UAEHXZ 67da8dba f   SapClassBasic:SapClassBasic74.dll
 0001:00027dc0       ?SetCount@SapBuffer@@UAEHH@Z 67da8dc0 f   SapClassBasic:SapClassBasic74.dll
 0001:00027dc6       ?SetWidth@SapBuffer@@UAEHH@Z 67da8dc6 f   SapClassBasic:SapClassBasic74.dll
 0001:00027dcc       ?SetHeight@SapBuffer@@UAEHH@Z 67da8dcc f   SapClassBasic:SapClassBasic74.dll
 0001:00027dd2       ?SetFormat@SapBuffer@@UAEHH@Z 67da8dd2 f   SapClassBasic:SapClassBasic74.dll
 0001:00027dd8       ?SetType@SapBuffer@@UAEHH@Z 67da8dd8 f   SapClassBasic:SapClassBasic74.dll
 0001:00027dde       ?SetPixelDepth@SapBuffer@@UAEHH@Z 67da8dde f   SapClassBasic:SapClassBasic74.dll
 0001:00027de4       ?SetVirtualAddress@SapBuffer@@UAEHQAPAX@Z 67da8de4 f   SapClassBasic:SapClassBasic74.dll
 0001:00027dea       ?SetPhysicalAddress@SapBuffer@@UAEHQAK@Z 67da8dea f   SapClassBasic:SapClassBasic74.dll
 0001:00027df0       ?SetParameters@SapBuffer@@UAEHHQAKHHHH@Z 67da8df0 f   SapClassBasic:SapClassBasic74.dll
 0001:00027df6       ?SetParameters@SapBuffer@@UAEHHQAPAXHHHH@Z 67da8df6 f   SapClassBasic:SapClassBasic74.dll
 0001:00027dfc       ?SetParameters@SapBuffer@@UAEHHHHHH@Z 67da8dfc f   SapClassBasic:SapClassBasic74.dll
 0001:00027e02       ?SetParametersFromFile@SapBuffer@@UAEHPBDH@Z 67da8e02 f   SapClassBasic:SapClassBasic74.dll
 0001:00027e08       ?SetFrameRate@SapBuffer@@UAEXM@Z 67da8e08 f   SapClassBasic:SapClassBasic74.dll
 0001:00027e0e       ?GetAddress@SapBuffer@@UAEHH_KIPAXPAPAX@Z 67da8e0e f   SapClassBasic:SapClassBasic74.dll
 0001:00027e14       ?GetAddress@SapBuffer@@UAEHH_KIPAPAX@Z 67da8e14 f   SapClassBasic:SapClassBasic74.dll
 0001:00027e1a       ?GetAddress@SapBuffer@@UAEH_KIPAXPAPAX@Z 67da8e1a f   SapClassBasic:SapClassBasic74.dll
 0001:00027e20       ?GetAddress@SapBuffer@@UAEH_KIPAPAX@Z 67da8e20 f   SapClassBasic:SapClassBasic74.dll
 0001:00027e26       ?GetAddress@SapBuffer@@UAEHHPAXPAPAX@Z 67da8e26 f   SapClassBasic:SapClassBasic74.dll
 0001:00027e2c       ?GetAddress@SapBuffer@@UAEHHPAPAX@Z 67da8e2c f   SapClassBasic:SapClassBasic74.dll
 0001:00027e32       ?GetAddress@SapBuffer@@UAEHPAXPAPAX@Z 67da8e32 f   SapClassBasic:SapClassBasic74.dll
 0001:00027e38       ?GetAddress@SapBuffer@@UAEHPAPAX@Z 67da8e38 f   SapClassBasic:SapClassBasic74.dll
 0001:00027e3e       ?ReleaseAddress@SapBuffer@@UAEHHPAX@Z 67da8e3e f   SapClassBasic:SapClassBasic74.dll
 0001:00027e44       ?ReleaseAddress@SapBuffer@@UAEHPAX@Z 67da8e44 f   SapClassBasic:SapClassBasic74.dll
 0001:00027e4a       ?IsMapped@SapBuffer@@UAEHXZ 67da8e4a f   SapClassBasic:SapClassBasic74.dll
 0001:00027e50       ?IsMapped@SapBuffer@@UAEHH@Z 67da8e50 f   SapClassBasic:SapClassBasic74.dll
 0001:00027e56       ?GetCounterStamp@SapBuffer@@UAEHHPAH@Z 67da8e56 f   SapClassBasic:SapClassBasic74.dll
 0001:00027e5c       ?GetCounterStamp@SapBuffer@@UAEHPAH@Z 67da8e5c f   SapClassBasic:SapClassBasic74.dll
 0001:00027e62       ?GetHostCounterStamp@SapBuffer@@UAEHHPA_K@Z 67da8e62 f   SapClassBasic:SapClassBasic74.dll
 0001:00027e68       ?GetHostCounterStamp@SapBuffer@@UAEHPA_K@Z 67da8e68 f   SapClassBasic:SapClassBasic74.dll
 0001:00027e6e       ?GetSpaceUsed@SapBuffer@@UAEHHPAH@Z 67da8e6e f   SapClassBasic:SapClassBasic74.dll
 0001:00027e74       ?GetSpaceUsed@SapBuffer@@UAEHPAH@Z 67da8e74 f   SapClassBasic:SapClassBasic74.dll
 0001:00027e7a       ?GetHandles@SapBuffer@@UBEPAPAU__CORHANDLE@@XZ 67da8e7a f   SapClassBasic:SapClassBasic74.dll
 0001:00027e80       ?IsCapabilityValid@SapBuffer@@UAEHH@Z 67da8e80 f   SapClassBasic:SapClassBasic74.dll
 0001:00027e86       ?GetCapability@SapBuffer@@UAEHHHPAX@Z 67da8e86 f   SapClassBasic:SapClassBasic74.dll
 0001:00027e8c       ?GetCapability@SapBuffer@@UAEHHPAX@Z 67da8e8c f   SapClassBasic:SapClassBasic74.dll
 0001:00027e92       ?IsParameterValid@SapBuffer@@UAEHH@Z 67da8e92 f   SapClassBasic:SapClassBasic74.dll
 0001:00027e98       ?GetParameter@SapBuffer@@UAEHHHPAX@Z 67da8e98 f   SapClassBasic:SapClassBasic74.dll
 0001:00027e9e       ?GetParameter@SapBuffer@@UAEHHPAX@Z 67da8e9e f   SapClassBasic:SapClassBasic74.dll
 0001:00027ea4       ?SetParameter@SapBuffer@@UAEHHHPAX@Z 67da8ea4 f   SapClassBasic:SapClassBasic74.dll
 0001:00027eaa       ?SetParameter@SapBuffer@@UAEHHPAX@Z 67da8eaa f   SapClassBasic:SapClassBasic74.dll
 0001:00027eb0       ?SetParameter@SapBuffer@@UAEHHHH@Z 67da8eb0 f   SapClassBasic:SapClassBasic74.dll
 0001:00027eb6       ?SetParameter@SapBuffer@@UAEHHH@Z 67da8eb6 f   SapClassBasic:SapClassBasic74.dll
 0001:00027ebc       ?GetParent@SapBuffer@@UAEPAV1@XZ 67da8ebc f   SapClassBasic:SapClassBasic74.dll
 0001:00027ec2       ?GetRoot@SapBuffer@@UAEPAV1@XZ 67da8ec2 f   SapClassBasic:SapClassBasic74.dll
 0001:00027ec8       ?SetState@SapBuffer@@UAEHHH@Z 67da8ec8 f   SapClassBasic:SapClassBasic74.dll
 0001:00027ece       ?SetState@SapBuffer@@UAEHH@Z 67da8ece f   SapClassBasic:SapClassBasic74.dll
 0001:00027ed4       ?SetAllState@SapBuffer@@UAEHH@Z 67da8ed4 f   SapClassBasic:SapClassBasic74.dll
 0001:00027eda       ?GetState@SapBuffer@@UAEHHPAH@Z 67da8eda f   SapClassBasic:SapClassBasic74.dll
 0001:00027ee0       ?GetState@SapBuffer@@UAEHPAH@Z 67da8ee0 f   SapClassBasic:SapClassBasic74.dll
 0001:00027ee6       ?SetPage@SapBuffer@@UAEHHH@Z 67da8ee6 f   SapClassBasic:SapClassBasic74.dll
 0001:00027eec       ?SetPage@SapBuffer@@UAEHH@Z 67da8eec f   SapClassBasic:SapClassBasic74.dll
 0001:00027ef2       ?SetAllPage@SapBuffer@@UAEHH@Z 67da8ef2 f   SapClassBasic:SapClassBasic74.dll
 0001:00027ef8       ?GetPage@SapBuffer@@UAEHHPAH@Z 67da8ef8 f   SapClassBasic:SapClassBasic74.dll
 0001:00027efe       ?GetPage@SapBuffer@@UAEHPAH@Z 67da8efe f   SapClassBasic:SapClassBasic74.dll
 0001:00027f04       ?Clear@SapBuffer@@UAEHHVSapData@@@Z 67da8f04 f   SapClassBasic:SapClassBasic74.dll
 0001:00027f0a       ?Clear@SapBuffer@@UAEHVSapData@@@Z 67da8f0a f   SapClassBasic:SapClassBasic74.dll
 0001:00027f10       ?Clear@SapBuffer@@UAEHH@Z  67da8f10 f   SapClassBasic:SapClassBasic74.dll
 0001:00027f16       ?Clear@SapBuffer@@UAEHXZ   67da8f16 f   SapClassBasic:SapClassBasic74.dll
 0001:00027f1c       ?Load@SapBuffer@@UAEHPBDHHH0@Z 67da8f1c f   SapClassBasic:SapClassBasic74.dll
 0001:00027f22       ?Save@SapBuffer@@UAEHPBD0HH@Z 67da8f22 f   SapClassBasic:SapClassBasic74.dll
 0001:00027f28       ?Read@SapBuffer@@UAEHH_KHPAX@Z 67da8f28 f   SapClassBasic:SapClassBasic74.dll
 0001:00027f2e       ?Read@SapBuffer@@UAEH_KHPAX@Z 67da8f2e f   SapClassBasic:SapClassBasic74.dll
 0001:00027f34       ?ReadElement@SapBuffer@@UAEHHHPAH00@Z 67da8f34 f   SapClassBasic:SapClassBasic74.dll
 0001:00027f3a       ?ReadElement@SapBuffer@@UAEHHHHPAVSapData@@@Z 67da8f3a f   SapClassBasic:SapClassBasic74.dll
 0001:00027f40       ?ReadElement@SapBuffer@@UAEHHHPAVSapData@@@Z 67da8f40 f   SapClassBasic:SapClassBasic74.dll
 0001:00027f46       ?ReadElement@SapBuffer@@UAEHHHHPAX@Z 67da8f46 f   SapClassBasic:SapClassBasic74.dll
 0001:00027f4c       ?ReadElement@SapBuffer@@UAEHHHPAX@Z 67da8f4c f   SapClassBasic:SapClassBasic74.dll
[...]
 0001:00031550       __unwindfunclet$??1CGioInputDlg@@UAE@XZ$0 67db2550 f   GioInputDlg.obj
 0001:00031558       __unwindfunclet$??1CGioInputDlg@@UAE@XZ$1 67db2558 f   GioInputDlg.obj
 0001:00031563       __unwindfunclet$??1CGioInputDlg@@UAE@XZ$2 67db2563 f   GioInputDlg.obj
 0001:00031571       __unwindfunclet$??1CGioInputDlg@@UAE@XZ$3 67db2571 f   GioInputDlg.obj
 0001:0003157f       __ehhandler$??1CGioInputDlg@@UAE@XZ 67db257f f   GioInputDlg.obj
 0001:000315a0       __unwindfunclet$??0CGioOutputDlg@@QAE@PAVCWnd@@IPAVSapGio@@@Z$0 67db25a0 f   GioOutputDlg.obj
 0001:000315a8       __unwindfunclet$??0CGioOutputDlg@@QAE@PAVCWnd@@IPAVSapGio@@@Z$1 67db25a8 f   GioOutputDlg.obj
 0001:000315b3       __unwindfunclet$??0CGioOutputDlg@@QAE@PAVCWnd@@IPAVSapGio@@@Z$2 67db25b3 f   GioOutputDlg.obj
 0001:000315c1       __unwindfunclet$??0CGioOutputDlg@@QAE@PAVCWnd@@IPAVSapGio@@@Z$3 67db25c1 f   GioOutputDlg.obj
 0001:000315cf       __unwindfunclet$??0CGioOutputDlg@@QAE@PAVCWnd@@IPAVSapGio@@@Z$4 67db25cf f   GioOutputDlg.obj
 0001:000315dd       __unwindfunclet$??0CGioOutputDlg@@QAE@PAVCWnd@@IPAVSapGio@@@Z$5 67db25dd f   GioOutputDlg.obj
 0001:000315eb       __ehhandler$??0CGioOutputDlg@@QAE@PAVCWnd@@IPAVSapGio@@@Z 67db25eb f   GioOutputDlg.obj
 0001:00031606       __unwindfunclet$?UpdateIO@CGioOutputDlg@@IAEXXZ$0 67db2606 f   GioOutputDlg.obj
 0001:00031618       __ehhandler$?UpdateIO@CGioOutputDlg@@IAEXXZ 67db2618 f   GioOutputDlg.obj
 0001:00031633       __unwindfunclet$?ChangePinState@CGioOutputDlg@@QAEXPAVCButton@@@Z$0 67db2633 f   GioOutputDlg.obj
 0001:00031645       __ehhandler$?ChangePinState@CGioOutputDlg@@QAEXPAVCButton@@@Z 67db2645 f   GioOutputDlg.obj
 0001:00031660       __unwindfunclet$??1CGioOutputDlg@@UAE@XZ$0 67db2660 f   GioOutputDlg.obj
 0001:00031668       __unwindfunclet$??1CGioOutputDlg@@UAE@XZ$1 67db2668 f   GioOutputDlg.obj
 0001:00031673       __unwindfunclet$??1CGioOutputDlg@@UAE@XZ$2 67db2673 f   GioOutputDlg.obj
 0001:00031681       __unwindfunclet$??1CGioOutputDlg@@UAE@XZ$3 67db2681 f   GioOutputDlg.obj
 0001:0003168f       __unwindfunclet$??1CGioOutputDlg@@UAE@XZ$4 67db268f f   GioOutputDlg.obj
 0001:0003169d       __unwindfunclet$??1CGioOutputDlg@@UAE@XZ$5 67db269d f   GioOutputDlg.obj
 0001:000316ab       __ehhandler$??1CGioOutputDlg@@UAE@XZ 67db26ab f   GioOutputDlg.obj
 0001:000316d0       __unwindfunclet$??0CImageWnd@@QAE@PAVSapView@@PAVCWnd@@PAVCScrollBar@@21@Z$0 67db26d0 f   ImageWnd.obj
 0001:000316db       __ehhandler$??0CImageWnd@@QAE@PAVSapView@@PAVCWnd@@PAVCScrollBar@@21@Z 67db26db f   ImageWnd.obj
 0001:000316f6       __unwindfunclet$??0CImageWnd@@QAE@PAVSapView@@PAVCWnd@@@Z$0 67db26f6 f   ImageWnd.obj
 0001:00031701       __ehhandler$??0CImageWnd@@QAE@PAVSapView@@PAVCWnd@@@Z 67db2701 f   ImageWnd.obj
 0001:0003171c       __unwindfunclet$?DisplayRoiTracker@CImageWnd@@QAEXXZ$0 67db271c f   ImageWnd.obj
 0001:00031724       __unwindfunclet$?DisplayRoiTracker@CImageWnd@@QAEXXZ$1 67db2724 f   ImageWnd.obj
 0001:0003172c       __ehhandler$?DisplayRoiTracker@CImageWnd@@QAEXXZ 67db272c f   ImageWnd.obj
 0001:00031747       __unwindfunclet$?GetPixelString@CImageWnd@@QAE?AV?$CStringT@DV?$StrTraitMFC_DLL@DV?$ChTraitsCRT@D@ATL@@@@@ATL@@VCPoint@@@Z$0 67db2747 f   ImageWnd.obj
 0001:00031759       __unwindfunclet$?GetPixelString@CImageWnd@@QAE?AV?$CStringT@DV?$StrTraitMFC_DLL@DV?$ChTraitsCRT@D@ATL@@@@@ATL@@VCPoint@@@Z$2 67db2759 f   ImageWnd.obj
 0001:0003176b       __unwindfunclet$?GetPixelString@CImageWnd@@QAE?AV?$CStringT@DV?$StrTraitMFC_DLL@DV?$ChTraitsCRT@D@ATL@@@@@ATL@@VCPoint@@@Z$3 67db276b f   ImageWnd.obj
 0001:0003177d       __unwindfunclet$?GetPixelString@CImageWnd@@QAE?AV?$CStringT@DV?$StrTraitMFC_DLL@DV?$ChTraitsCRT@D@ATL@@@@@ATL@@VCPoint@@@Z$4 67db277d f   ImageWnd.obj
 0001:0003178f       __unwindfunclet$?GetPixelString@CImageWnd@@QAE?AV?$CStringT@DV?$StrTraitMFC_DLL@DV?$ChTraitsCRT@D@ATL@@@@@ATL@@VCPoint@@@Z$5 67db278f f   ImageWnd.obj
 0001:000317a4       __unwindfunclet$?GetPixelString@CImageWnd@@QAE?AV?$CStringT@DV?$StrTraitMFC_DLL@DV?$ChTraitsCRT@D@ATL@@@@@ATL@@VCPoint@@@Z$6 67db27a4 f   ImageWnd.obj
 0001:000317b9       __unwindfunclet$?GetPixelString@CImageWnd@@QAE?AV?$CStringT@DV?$StrTraitMFC_DLL@DV?$ChTraitsCRT@D@ATL@@@@@ATL@@VCPoint@@@Z$7 67db27b9 f   ImageWnd.obj
 0001:000317ce       __unwindfunclet$?GetPixelString@CImageWnd@@QAE?AV?$CStringT@DV?$StrTraitMFC_DLL@DV?$ChTraitsCRT@D@ATL@@@@@ATL@@VCPoint@@@Z$8 67db27ce f   ImageWnd.obj
 0001:000317e3       __unwindfunclet$?GetPixelString@CImageWnd@@QAE?AV?$CStringT@DV?$StrTraitMFC_DLL@DV?$ChTraitsCRT@D@ATL@@@@@ATL@@VCPoint@@@Z$9 67db27e3 f   ImageWnd.obj
 0001:000317f8       __unwindfunclet$?GetPixelString@CImageWnd@@QAE?AV?$CStringT@DV?$StrTraitMFC_DLL@DV?$ChTraitsCRT@D@ATL@@@@@ATL@@VCPoint@@@Z$10 67db27f8 f   ImageWnd.obj
 0001:0003180d       __unwindfunclet$?GetPixelString@CImageWnd@@QAE?AV?$CStringT@DV?$StrTraitMFC_DLL@DV?$ChTraitsCRT@D@ATL@@@@@ATL@@VCPoint@@@Z$11 67db280d f   ImageWnd.obj
 0001:00031822       __unwindfunclet$?GetPixelString@CImageWnd@@QAE?AV?$CStringT@DV?$StrTraitMFC_DLL@DV?$ChTraitsCRT@D@ATL@@@@@ATL@@VCPoint@@@Z$12 67db2822 f   ImageWnd.obj
 0001:00031837       __unwindfunclet$?GetPixelString@CImageWnd@@QAE?AV?$CStringT@DV?$StrTraitMFC_DLL@DV?$ChTraitsCRT@D@ATL@@@@@ATL@@VCPoint@@@Z$13 67db2837 f   ImageWnd.obj
 0001:0003184c       __unwindfunclet$?GetPixelString@CImageWnd@@QAE?AV?$CStringT@DV?$StrTraitMFC_DLL@DV?$ChTraitsCRT@D@ATL@@@@@ATL@@VCPoint@@@Z$14 67db284c f   ImageWnd.obj
 0001:00031861       __ehhandler$?GetPixelString@CImageWnd@@QAE?AV?$CStringT@DV?$StrTraitMFC_DLL@DV?$ChTraitsCRT@D@ATL@@@@@ATL@@VCPoint@@@Z 67db2861 f   ImageWnd.obj
 0001:00031890       __unwindfunclet$??HATL@@YA?AV?$CStringT@DV?$StrTraitMFC_DLL@DV?$ChTraitsCRT@D@ATL@@@@@0@PBDABV10@@Z$0 67db2890 f   ImageWnd.obj
 0001:000318a2       __ehhandler$??HATL@@YA?AV?$CStringT@DV?$StrTraitMFC_DLL@DV?$ChTraitsCRT@D@ATL@@@@@0@PBDABV10@@Z 67db28a2 f   ImageWnd.obj
 0001:000318c0       __unwindfunclet$??0CJpegFileDlg@@QAE@PAVCWnd@@H@Z$0 67db28c0 f   JpegFileDlg.obj
 0001:000318c8       __ehhandler$??0CJpegFileDlg@@QAE@PAVCWnd@@H@Z 67db28c8 f   JpegFileDlg.obj
 0001:000318f0       __unwindfunclet$??0CLoadSaveDlg@@QAE@PAVCWnd@@PAVSapBuffer@@HH@Z$0 67db28f0 f   LoadSaveDlg.obj
 0001:000318f8       __unwindfunclet$??0CLoadSaveDlg@@QAE@PAVCWnd@@PAVSapBuffer@@HH@Z$1 67db28f8 f   LoadSaveDlg.obj
 0001:00031910       __ehhandler$??0CLoadSaveDlg@@QAE@PAVCWnd@@PAVSapBuffer@@HH@Z 67db2910 f   LoadSaveDlg.obj
 0001:0003192b       __unwindfunclet$?UpdateBuffer@CLoadSaveDlg@@IAEHXZ$0 67db292b f   LoadSaveDlg.obj
 0001:00031933       __unwindfunclet$?UpdateBuffer@CLoadSaveDlg@@IAEHXZ$1 67db2933 f   LoadSaveDlg.obj
 0001:00031945       __ehhandler$?UpdateBuffer@CLoadSaveDlg@@IAEHXZ 67db2945 f   LoadSaveDlg.obj
 0001:00031960       __unwindfunclet$?LoadSettings@CLoadSaveDlg@@IAEXXZ$0 67db2960 f   LoadSaveDlg.obj
 0001:00031972       __ehhandler$?LoadSettings@CLoadSaveDlg@@IAEXXZ 67db2972 f   LoadSaveDlg.obj
 0001:0003198d       __unwindfunclet$?AddTiffOptions@CLoadSaveDlg@@IAEHXZ$0 67db298d f   LoadSaveDlg.obj
 0001:00031998       __unwindfunclet$?AddTiffOptions@CLoadSaveDlg@@IAEHXZ$1 67db2998 f   LoadSaveDlg.obj
 0001:000319ad       __unwindfunclet$?AddTiffOptions@CLoadSaveDlg@@IAEHXZ$2 67db29ad f   LoadSaveDlg.obj
 0001:000319c2       __ehhandler$?AddTiffOptions@CLoadSaveDlg@@IAEHXZ 67db29c2 f   LoadSaveDlg.obj
 0001:000319e0       __unwindfunclet$?AddRawOptions@CLoadSaveDlg@@IAEHXZ$0 67db29e0 f   LoadSaveDlg.obj
 0001:000319eb       __unwindfunclet$?AddRawOptions@CLoadSaveDlg@@IAEHXZ$1 67db29eb f   LoadSaveDlg.obj
 0001:00031a00       __ehhandler$?AddRawOptions@CLoadSaveDlg@@IAEHXZ 67db2a00 f   LoadSaveDlg.obj
 0001:00031a1e       __unwindfunclet$?AddJpegOptions@CLoadSaveDlg@@IAEHXZ$0 67db2a1e f   LoadSaveDlg.obj
 0001:00031a29       __unwindfunclet$?AddJpegOptions@CLoadSaveDlg@@IAEHXZ$1 67db2a29 f   LoadSaveDlg.obj
 0001:00031a3e       __ehhandler$?AddJpegOptions@CLoadSaveDlg@@IAEHXZ 67db2a3e f   LoadSaveDlg.obj
 0001:00031a5c       __unwindfunclet$?AddAviOptions@CLoadSaveDlg@@IAEHXZ$0 67db2a5c f   LoadSaveDlg.obj
 0001:00031a67       __ehhandler$?AddAviOptions@CLoadSaveDlg@@IAEHXZ 67db2a67 f   LoadSaveDlg.obj
 0001:00031a85       __unwindfunclet$?OnTypeChange@CLoadSaveDlg@@MAEXXZ$0 67db2a85 f   LoadSaveDlg.obj
 0001:00031a97       __ehhandler$?OnTypeChange@CLoadSaveDlg@@MAEXXZ 67db2a97 f   LoadSaveDlg.obj
 0001:00031ac0       __unwindfunclet$??1CRawFileDlg@@UAE@XZ$0 67db2ac0 f   LoadSaveDlg.obj
 0001:00031ac8       __ehhandler$??1CRawFileDlg@@UAE@XZ 67db2ac8 f   LoadSaveDlg.obj
 0001:00031af0       __unwindfunclet$??__E?m_TiffCompressionTypes@CLoadSaveDlg@@1PAV?$CStringT@DV?$StrTraitMFC_DLL@DV?$ChTraitsCRT@D@ATL@@@@@ATL@@A@@YAXXZ$0 67db2af0 f   LoadSaveDlg.obj
 0001:00031b04       __unwindfunclet$??__E?m_TiffCompressionTypes@CLoadSaveDlg@@1PAV?$CStringT@DV?$StrTraitMFC_DLL@DV?$ChTraitsCRT@D@ATL@@@@@ATL@@A@@YAXXZ$1 67db2b04 f   LoadSaveDlg.obj
 0001:00031b18       __unwindfunclet$??__E?m_TiffCompressionTypes@CLoadSaveDlg@@1PAV?$CStringT@DV?$StrTraitMFC_DLL@DV?$ChTraitsCRT@D@ATL@@@@@ATL@@A@@YAXXZ$2 67db2b18 f   LoadSaveDlg.obj
 0001:00031b2c       __ehhandler$??__E?m_TiffCompressionTypes@CLoadSaveDlg@@1PAV?$CStringT@DV?$StrTraitMFC_DLL@DV?$ChTraitsCRT@D@ATL@@@@@ATL@@A@@YAXXZ 67db2b2c f   LoadSaveDlg.obj
 0001:00031b50       __unwindfunclet$??0CLScanDlg@@QAE@PAVCWnd@@PAVSapAcquisition@@@Z$0 67db2b50 f   LScanDlg.obj
 0001:00031b58       __unwindfunclet$??0CLScanDlg@@QAE@PAVCWnd@@PAVSapAcquisition@@@Z$1 67db2b58 f   LScanDlg.obj
 0001:00031b6d       __unwindfunclet$??0CLScanDlg@@QAE@PAVCWnd@@PAVSapAcquisition@@@Z$2 67db2b6d f   LScanDlg.obj
 0001:00031b78       __ehhandler$??0CLScanDlg@@QAE@PAVCWnd@@PAVSapAcquisition@@@Z 67db2b78 f   LScanDlg.obj
 0001:00031ba0       __unwindfunclet$??1CLScanDlg@@UAE@XZ$0 67db2ba0 f   LScanDlg.obj
 0001:00031ba8       __unwindfunclet$??1CLScanDlg@@UAE@XZ$1 67db2ba8 f   LScanDlg.obj
 0001:00031bbd       __unwindfunclet$??1CLScanDlg@@UAE@XZ$2 67db2bbd f   LScanDlg.obj
 0001:00031bc8       __ehhandler$??1CLScanDlg@@UAE@XZ 67db2bc8 f   LScanDlg.obj
 0001:00031bf0       __unwindfunclet$??0CPixProDlg@@QAE@PAVCWnd@@PAVSapPixPro@@PAVSapXferNode@@@Z$0 67db2bf0 f   PixProDlg.obj
 0001:00031bf8       __unwindfunclet$??0CPixProDlg@@QAE@PAVCWnd@@PAVSapPixPro@@PAVSapXferNode@@@Z$1 67db2bf8 f   PixProDlg.obj
 0001:00031c03       __unwindfunclet$??0CPixProDlg@@QAE@PAVCWnd@@PAVSapPixPro@@PAVSapXferNode@@@Z$2 67db2c03 f   PixProDlg.obj
 0001:00031c11       __unwindfunclet$??0CPixProDlg@@QAE@PAVCWnd@@PAVSapPixPro@@PAVSapXferNode@@@Z$3 67db2c11 f   PixProDlg.obj
 0001:00031c1f       __unwindfunclet$??0CPixProDlg@@QAE@PAVCWnd@@PAVSapPixPro@@PAVSapXferNode@@@Z$4 67db2c1f f   PixProDlg.obj
 0001:00031c2d       __unwindfunclet$??0CPixProDlg@@QAE@PAVCWnd@@PAVSapPixPro@@PAVSapXferNode@@@Z$6 67db2c2d f   PixProDlg.obj
 0001:00031c45       __unwindfunclet$??0CPixProDlg@@QAE@PAVCWnd@@PAVSapPixPro@@PAVSapXferNode@@@Z$7 67db2c45 f   PixProDlg.obj
 0001:00031c57       __unwindfunclet$??0CPixProDlg@@QAE@PAVCWnd@@PAVSapPixPro@@PAVSapXferNode@@@Z$8 67db2c57 f   PixProDlg.obj
 0001:00031c69       __unwindfunclet$??0CPixProDlg@@QAE@PAVCWnd@@PAVSapPixPro@@PAVSapXferNode@@@Z$10 67db2c69 f   PixProDlg.obj
 0001:00031c7e       __ehhandler$??0CPixProDlg@@QAE@PAVCWnd@@PAVSapPixPro@@PAVSapXferNode@@@Z 67db2c7e f   PixProDlg.obj
 0001:00031ca6       __unwindfunclet$?LoadSettings@CPixProDlg@@IAEXXZ$0 67db2ca6 f   PixProDlg.obj
 0001:00031cb8       __unwindfunclet$?LoadSettings@CPixProDlg@@IAEXXZ$1 67db2cb8 f   PixProDlg.obj
 0001:00031cca       __ehhandler$?LoadSettings@CPixProDlg@@IAEXXZ 67db2cca f   PixProDlg.obj
 0001:00031ce5       __unwindfunclet$?SetDirectories@CPixProDlg@@IAEXXZ$0 67db2ce5 f   PixProDlg.obj
 0001:00031cf7       __ehhandler$?SetDirectories@CPixProDlg@@IAEXXZ 67db2cf7 f   PixProDlg.obj
 0001:00031d1f       __unwindfunclet$?OnBrowse@CPixProDlg@@IAEXXZ$0 67db2d1f f   PixProDlg.obj
 0001:00031d27       __unwindfunclet$?OnBrowse@CPixProDlg@@IAEXXZ$1 67db2d27 f   PixProDlg.obj
 0001:00031d39       __ehhandler$?OnBrowse@CPixProDlg@@IAEXXZ 67db2d39 f   PixProDlg.obj
 0001:00031d54       __unwindfunclet$?OnOK@CPixProDlg@@MAEXXZ$0 67db2d54 f   PixProDlg.obj
 0001:00031d69       __unwindfunclet$?OnOK@CPixProDlg@@MAEXXZ$1 67db2d69 f   PixProDlg.obj
 0001:00031d74       __unwindfunclet$?OnOK@CPixProDlg@@MAEXXZ$2 67db2d74 f   PixProDlg.obj
 0001:00031d7f       __unwindfunclet$?OnOK@CPixProDlg@@MAEXXZ$3 67db2d7f f   PixProDlg.obj
 0001:00031d8a       __unwindfunclet$?OnOK@CPixProDlg@@MAEXXZ$4 67db2d8a f   PixProDlg.obj
 0001:00031d95       __unwindfunclet$?OnOK@CPixProDlg@@MAEXXZ$5 67db2d95 f   PixProDlg.obj
 0001:00031da0       __ehhandler$?OnOK@CPixProDlg@@MAEXXZ 67db2da0 f   PixProDlg.obj
 0001:00031dc8       __unwindfunclet$?FillFunctionCombo@CPixProDlg@@IAEXXZ$0 67db2dc8 f   PixProDlg.obj
 0001:00031dda       __ehhandler$?FillFunctionCombo@CPixProDlg@@IAEXXZ 67db2dda f   PixProDlg.obj
 0001:00031e10       __unwindfunclet$??1CPixProWAvgDlg@@UAE@XZ$0 67db2e10 f   PixProDlg.obj
 0001:00031e18       __ehhandler$??1CPixProWAvgDlg@@UAE@XZ 67db2e18 f   PixProDlg.obj
 0001:00031e40       __unwindfunclet$??1CPixProIntScaleDlg@@UAE@XZ$0 67db2e40 f   PixProDlg.obj
 0001:00031e48       __ehhandler$??1CPixProIntScaleDlg@@UAE@XZ 67db2e48 f   PixProDlg.obj
 0001:00031e70       __unwindfunclet$??1CPixProDlg@@UAE@XZ$0 67db2e70 f   PixProDlg.obj
 0001:00031e78       __unwindfunclet$??1CPixProDlg@@UAE@XZ$1 67db2e78 f   PixProDlg.obj
 0001:00031e83       __unwindfunclet$??1CPixProDlg@@UAE@XZ$2 67db2e83 f   PixProDlg.obj
 0001:00031e91       __unwindfunclet$??1CPixProDlg@@UAE@XZ$3 67db2e91 f   PixProDlg.obj
 0001:00031e9f       __unwindfunclet$??1CPixProDlg@@UAE@XZ$4 67db2e9f f   PixProDlg.obj
 0001:00031ead       __ehhandler$??1CPixProDlg@@UAE@XZ 67db2ead f   PixProDlg.obj
 0001:00031ed0       __unwindfunclet$??0CPixProIntScaleDlg@@QAE@PAVCWnd@@PAUCORPPL_FCT_PROP@@PAVSapPixProParams@@@Z$0 67db2ed0 f   PixProIntScaleDlg.obj
 0001:00031ed8       __ehhandler$??0CPixProIntScaleDlg@@QAE@PAVCWnd@@PAUCORPPL_FCT_PROP@@PAVSapPixProParams@@@Z 67db2ed8 f   PixProIntScaleDlg.obj
 0001:00031f00       __unwindfunclet$??0CPixProWAvgDlg@@QAE@PAVCWnd@@PAUCORPPL_FCT_PROP@@PAVSapPixProParams@@@Z$0 67db2f00 f   PixProWAvgDlg.obj
 0001:00031f08       __ehhandler$??0CPixProWAvgDlg@@QAE@PAVCWnd@@PAUCORPPL_FCT_PROP@@PAVSapPixProParams@@@Z 67db2f08 f   PixProWAvgDlg.obj
 0001:00031f30       __unwindfunclet$??0CRawFileDlg@@QAE@PAVCWnd@@HHHH@Z$0 67db2f30 f   RawFileDlg.obj
 0001:00031f38       __unwindfunclet$??0CRawFileDlg@@QAE@PAVCWnd@@HHHH@Z$1 67db2f38 f   RawFileDlg.obj
 0001:00031f46       __ehhandler$??0CRawFileDlg@@QAE@PAVCWnd@@HHHH@Z 67db2f46 f   RawFileDlg.obj
 0001:00031f70       __unwindfunclet$?SapClassGuiInitModule@@YAXXZ$0 67db2f70 f   SapClassGui.obj
 0001:00031f81       __ehhandler$?SapClassGuiInitModule@@YAXXZ 67db2f81 f   SapClassGui.obj
 0001:00031fa0       __unwindfunclet$??1CViewDlg@@UAE@XZ$0 67db2fa0 f   SapClassGui.obj
 0001:00031fa8       __unwindfunclet$??1CViewDlg@@UAE@XZ$1 67db2fa8 f   SapClassGui.obj
 0001:00031fb3       __unwindfunclet$??1CViewDlg@@UAE@XZ$2 67db2fb3 f   SapClassGui.obj
 0001:00031fc1       __unwindfunclet$??1CViewDlg@@UAE@XZ$3 67db2fc1 f   SapClassGui.obj
 0001:00031fcf       __ehhandler$??1CViewDlg@@UAE@XZ 67db2fcf f   SapClassGui.obj
 0001:00031ff0       __unwindfunclet$??0CTiffFileDlg@@QAE@PAVCWnd@@HH@Z$0 67db2ff0 f   TiffFileDlg.obj
 0001:00031ff8       __ehhandler$??0CTiffFileDlg@@QAE@PAVCWnd@@HH@Z 67db2ff8 f   TiffFileDlg.obj
 0001:00032020       __unwindfunclet$??0CViewDlg@@QAE@PAVCWnd@@PAVSapView@@@Z$0 67db3020 f   ViewDlg.obj
 0001:00032028       __unwindfunclet$??0CViewDlg@@QAE@PAVCWnd@@PAVSapView@@@Z$1 67db3028 f   ViewDlg.obj
 0001:00032033       __unwindfunclet$??0CViewDlg@@QAE@PAVCWnd@@PAVSapView@@@Z$2 67db3033 f   ViewDlg.obj
 0001:00032041       __unwindfunclet$??0CViewDlg@@QAE@PAVCWnd@@PAVSapView@@@Z$3 67db3041 f   ViewDlg.obj
 0001:0003204f       __unwindfunclet$??0CViewDlg@@QAE@PAVCWnd@@PAVSapView@@@Z$4 67db304f f   ViewDlg.obj
 0001:0003205d       __unwindfunclet$??0CViewDlg@@QAE@PAVCWnd@@PAVSapView@@@Z$5 67db305d f   ViewDlg.obj
 0001:0003206f       __ehhandler$??0CViewDlg@@QAE@PAVCWnd@@PAVSapView@@@Z 67db306f f   ViewDlg.obj
 0001:00032090       ??__E?m_TiffCompressionTypes@CLoadSaveDlg@@1PAV?$CStringT@DV?$StrTraitMFC_DLL@DV?$ChTraitsCRT@D@ATL@@@@@ATL@@A@@YAXXZ 67db3090 f   LoadSaveDlg.obj
 0001:00032160       ??__Eclash@Inconsistent_definition_of_symbol__ATL_MIXED@@YAXXZ 67db3160 f   SapClassGui.obj
 0001:00032180       ??__Eclash@Define_the_symbol__ATL_MIXED@@YAXXZ 67db3180 f   SapClassGui.obj
 0001:000321a0       ??__Eclash@Inconsistent_definition_of_symbol__ATL_MIXED@@YAXXZ 67db31a0 f   mfcs90d:nolib.obj
 0001:000321b0       ??__Eclash@Define_the_symbol__ATL_MIXED@@YAXXZ 67db31b0 f   mfcs90d:nolib.obj
 0001:000321d0       ??__Eclash@Inconsistent_definition_of_symbol__ATL_MIXED@@YAXXZ 67db31d0 f   mfcs90d:stdafx.obj
 0001:000321e0       ??__Eclash@Define_the_symbol__ATL_MIXED@@YAXXZ 67db31e0 f   mfcs90d:stdafx.obj
 0001:00032200       ??__Eg_Allocator@@YAXXZ    67db3200 f   atlsd:Externs.obj
 0001:00032220       ??__Eg_bInitialized@@YAXXZ 67db3220 f   atlsd:Externs.obj
 0001:00032240       ??__E?s_trace@CTrace@ATL@@2V12@A@@YAXXZ 67db3240 f   atlsd:Externs.obj
 0001:00032270       ??__EatlTraceGeneral@ATL@@YAXXZ 67db3270 f   atlsd:atltrace.obj
 0001:00032290       ??__EatlTraceCOM@ATL@@YAXXZ 67db3290 f   atlsd:atltrace.obj
 0001:000322b0       ??__EatlTraceQI@ATL@@YAXXZ 67db32b0 f   atlsd:atltrace.obj
 0001:000322d0       ??__EatlTraceRegistrar@ATL@@YAXXZ 67db32d0 f   atlsd:atltrace.obj
 0001:000322f0       ??__EatlTraceRefcount@ATL@@YAXXZ 67db32f0 f   atlsd:atltrace.obj
 0001:00032310       ??__EatlTraceWindowing@ATL@@YAXXZ 67db3310 f   atlsd:atltrace.obj
 0001:00032330       ??__EatlTraceControls@ATL@@YAXXZ 67db3330 f   atlsd:atltrace.obj
 0001:00032350       ??__EatlTraceHosting@ATL@@YAXXZ 67db3350 f   atlsd:atltrace.obj
 0001:00032370       ??__EatlTraceDBClient@ATL@@YAXXZ 67db3370 f   atlsd:atltrace.obj
 0001:00032390       ??__EatlTraceDBProvider@ATL@@YAXXZ 67db3390 f   atlsd:atltrace.obj
 0001:000323b0       ??__EatlTraceSnapin@ATL@@YAXXZ 67db33b0 f   atlsd:atltrace.obj
 0001:000323d0       ??__EatlTraceNotImpl@ATL@@YAXXZ 67db33d0 f   atlsd:atltrace.obj
 0001:000323f0       ??__EatlTraceAllocation@ATL@@YAXXZ 67db33f0 f   atlsd:atltrace.obj
 0001:00032410       ??__EatlTraceException@ATL@@YAXXZ 67db3410 f   atlsd:atltrace.obj
 0001:00032430       ??__EatlTraceTime@ATL@@YAXXZ 67db3430 f   atlsd:atltrace.obj
 0001:00032450       ??__EatlTraceCache@ATL@@YAXXZ 67db3450 f   atlsd:atltrace.obj
 0001:00032470       ??__EatlTraceStencil@ATL@@YAXXZ 67db3470 f   atlsd:atltrace.obj
 0001:00032490       ??__EatlTraceString@ATL@@YAXXZ 67db3490 f   atlsd:atltrace.obj
 0001:000324b0       ??__EatlTraceMap@ATL@@YAXXZ 67db34b0 f   atlsd:atltrace.obj
 0001:000324d0       ??__EatlTraceUtil@ATL@@YAXXZ 67db34d0 f   atlsd:atltrace.obj
 0001:000324f0       ??__EatlTraceSecurity@ATL@@YAXXZ 67db34f0 f   atlsd:atltrace.obj
 0001:00032510       ??__EatlTraceSync@ATL@@YAXXZ 67db3510 f   atlsd:atltrace.obj
 0001:00032530       ??__EatlTraceISAPI@ATL@@YAXXZ 67db3530 f   atlsd:atltrace.obj
 0001:00032550       ??__EatlTraceUser@ATL@@YAXXZ 67db3550 f   atlsd:atltrace.obj
 0001:00032570       ??__EatlTraceUser2@ATL@@YAXXZ 67db3570 f   atlsd:atltrace.obj
 0001:00032590       ??__EatlTraceUser3@ATL@@YAXXZ 67db3590 f   atlsd:atltrace.obj
 0001:000325b0       ??__EatlTraceUser4@ATL@@YAXXZ 67db35b0 f   atlsd:atltrace.obj
 0001:000325d0       ??__F?m_TiffCompressionTypes@CLoadSaveDlg@@1PAV?$CStringT@DV?$StrTraitMFC_DLL@DV?$ChTraitsCRT@D@ATL@@@@@ATL@@A@@YAXXZ 67db35d0 f   LoadSaveDlg.obj
 0001:000325f0       ??__Fg_Allocator@@YAXXZ    67db35f0 f   atlsd:Externs.obj
 0001:00032610       ??__F?s_trace@CTrace@ATL@@2V12@A@@YAXXZ 67db3610 f   atlsd:Externs.obj
